Archive member included to satisfy reference by file (symbol)

d:/rw/ozone/mingw64/bin/../lib/gcc/arm-none-eabi/12.2.0/../../../../arm-none-eabi/lib/thumb/v7-m/nofp\libc_nano.a(libc_a-atexit.o)
                              d:/rw/ozone/mingw64/bin/../lib/gcc/arm-none-eabi/12.2.0/../../../../arm-none-eabi/lib/thumb/v7-m/nofp/crt0.o (atexit)
d:/rw/ozone/mingw64/bin/../lib/gcc/arm-none-eabi/12.2.0/../../../../arm-none-eabi/lib/thumb/v7-m/nofp\libc_nano.a(libc_a-exit.o)
                              d:/rw/ozone/mingw64/bin/../lib/gcc/arm-none-eabi/12.2.0/../../../../arm-none-eabi/lib/thumb/v7-m/nofp/crt0.o (exit)
d:/rw/ozone/mingw64/bin/../lib/gcc/arm-none-eabi/12.2.0/../../../../arm-none-eabi/lib/thumb/v7-m/nofp\libc_nano.a(libc_a-findfp.o)
                              d:/rw/ozone/mingw64/bin/../lib/gcc/arm-none-eabi/12.2.0/../../../../arm-none-eabi/lib/thumb/v7-m/nofp\libc_nano.a(libc_a-exit.o) (__stdio_exit_handler)
d:/rw/ozone/mingw64/bin/../lib/gcc/arm-none-eabi/12.2.0/../../../../arm-none-eabi/lib/thumb/v7-m/nofp\libc_nano.a(libc_a-fwalk.o)
                              d:/rw/ozone/mingw64/bin/../lib/gcc/arm-none-eabi/12.2.0/../../../../arm-none-eabi/lib/thumb/v7-m/nofp\libc_nano.a(libc_a-findfp.o) (_fwalk_sglue)
d:/rw/ozone/mingw64/bin/../lib/gcc/arm-none-eabi/12.2.0/../../../../arm-none-eabi/lib/thumb/v7-m/nofp\libc_nano.a(libc_a-stdio.o)
                              d:/rw/ozone/mingw64/bin/../lib/gcc/arm-none-eabi/12.2.0/../../../../arm-none-eabi/lib/thumb/v7-m/nofp\libc_nano.a(libc_a-findfp.o) (__sread)
d:/rw/ozone/mingw64/bin/../lib/gcc/arm-none-eabi/12.2.0/../../../../arm-none-eabi/lib/thumb/v7-m/nofp\libc_nano.a(libc_a-memset.o)
                              d:/rw/ozone/mingw64/bin/../lib/gcc/arm-none-eabi/12.2.0/../../../../arm-none-eabi/lib/thumb/v7-m/nofp/crt0.o (memset)
d:/rw/ozone/mingw64/bin/../lib/gcc/arm-none-eabi/12.2.0/../../../../arm-none-eabi/lib/thumb/v7-m/nofp\libc_nano.a(libc_a-closer.o)
                              d:/rw/ozone/mingw64/bin/../lib/gcc/arm-none-eabi/12.2.0/../../../../arm-none-eabi/lib/thumb/v7-m/nofp\libc_nano.a(libc_a-stdio.o) (_close_r)
d:/rw/ozone/mingw64/bin/../lib/gcc/arm-none-eabi/12.2.0/../../../../arm-none-eabi/lib/thumb/v7-m/nofp\libc_nano.a(libc_a-reent.o)
                              d:/rw/ozone/mingw64/bin/../lib/gcc/arm-none-eabi/12.2.0/../../../../arm-none-eabi/lib/thumb/v7-m/nofp\libc_nano.a(libc_a-closer.o) (errno)
d:/rw/ozone/mingw64/bin/../lib/gcc/arm-none-eabi/12.2.0/../../../../arm-none-eabi/lib/thumb/v7-m/nofp\libc_nano.a(libc_a-impure.o)
                              d:/rw/ozone/mingw64/bin/../lib/gcc/arm-none-eabi/12.2.0/../../../../arm-none-eabi/lib/thumb/v7-m/nofp\libc_nano.a(libc_a-reent.o) (_impure_ptr)
d:/rw/ozone/mingw64/bin/../lib/gcc/arm-none-eabi/12.2.0/../../../../arm-none-eabi/lib/thumb/v7-m/nofp\libc_nano.a(libc_a-lseekr.o)
                              d:/rw/ozone/mingw64/bin/../lib/gcc/arm-none-eabi/12.2.0/../../../../arm-none-eabi/lib/thumb/v7-m/nofp\libc_nano.a(libc_a-stdio.o) (_lseek_r)
d:/rw/ozone/mingw64/bin/../lib/gcc/arm-none-eabi/12.2.0/../../../../arm-none-eabi/lib/thumb/v7-m/nofp\libc_nano.a(libc_a-readr.o)
                              d:/rw/ozone/mingw64/bin/../lib/gcc/arm-none-eabi/12.2.0/../../../../arm-none-eabi/lib/thumb/v7-m/nofp\libc_nano.a(libc_a-stdio.o) (_read_r)
d:/rw/ozone/mingw64/bin/../lib/gcc/arm-none-eabi/12.2.0/../../../../arm-none-eabi/lib/thumb/v7-m/nofp\libc_nano.a(libc_a-writer.o)
                              d:/rw/ozone/mingw64/bin/../lib/gcc/arm-none-eabi/12.2.0/../../../../arm-none-eabi/lib/thumb/v7-m/nofp\libc_nano.a(libc_a-stdio.o) (_write_r)
d:/rw/ozone/mingw64/bin/../lib/gcc/arm-none-eabi/12.2.0/../../../../arm-none-eabi/lib/thumb/v7-m/nofp\libc_nano.a(libc_a-errno.o)
                              build/sysmem.o (__errno)
d:/rw/ozone/mingw64/bin/../lib/gcc/arm-none-eabi/12.2.0/../../../../arm-none-eabi/lib/thumb/v7-m/nofp\libc_nano.a(libc_a-init.o)
                              d:/rw/ozone/mingw64/bin/../lib/gcc/arm-none-eabi/12.2.0/../../../../arm-none-eabi/lib/thumb/v7-m/nofp/crt0.o (__libc_init_array)
d:/rw/ozone/mingw64/bin/../lib/gcc/arm-none-eabi/12.2.0/../../../../arm-none-eabi/lib/thumb/v7-m/nofp\libc_nano.a(libc_a-fini.o)
                              d:/rw/ozone/mingw64/bin/../lib/gcc/arm-none-eabi/12.2.0/../../../../arm-none-eabi/lib/thumb/v7-m/nofp/crt0.o (__libc_fini_array)
d:/rw/ozone/mingw64/bin/../lib/gcc/arm-none-eabi/12.2.0/../../../../arm-none-eabi/lib/thumb/v7-m/nofp\libc_nano.a(libc_a-lock.o)
                              d:/rw/ozone/mingw64/bin/../lib/gcc/arm-none-eabi/12.2.0/../../../../arm-none-eabi/lib/thumb/v7-m/nofp\libc_nano.a(libc_a-findfp.o) (__retarget_lock_init_recursive)
d:/rw/ozone/mingw64/bin/../lib/gcc/arm-none-eabi/12.2.0/../../../../arm-none-eabi/lib/thumb/v7-m/nofp\libc_nano.a(libc_a-__atexit.o)
[...]
Memory Configuration

Name             Origin             Length             Attributes
RAM              0x20000000         0x0000c000         xrw
FLASH            0x08000000         0x00040000         xr
*default*        0x00000000         0xffffffff

Linker script and memory map

LOAD d:/rw/ozone/mingw64/bin/../lib/gcc/arm-none-eabi/12.2.0/thumb/v7-m/nofp/crti.o
LOAD d:/rw/ozone/mingw64/bin/../lib/gcc/arm-none-eabi/12.2.0/thumb/v7-m/nofp/crtbegin.o
LOAD d:/rw/ozone/mingw64/bin/../lib/gcc/arm-none-eabi/12.2.0/../../../../arm-none-eabi/lib/thumb/v7-m/nofp/crt0.o
LOAD build/main.o
LOAD build/gpio.o
LOAD build/i2c.o
LOAD build/stm32f1xx_it.o
LOAD build/stm32f1xx_hal_msp.o
LOAD build/stm32f1xx_hal_gpio_ex.o
LOAD build/stm32f1xx_hal_i2c.o
LOAD build/stm32f1xx_hal.o
LOAD build/stm32f1xx_hal_rcc.o
LOAD build/stm32f1xx_hal_rcc_ex.o
LOAD build/stm32f1xx_hal_gpio.o
LOAD build/stm32f1xx_hal_dma.o
LOAD build/stm32f1xx_hal_cortex.o
LOAD build/stm32f1xx_hal_pwr.o
LOAD build/stm32f1xx_hal_flash.o
LOAD build/stm32f1xx_hal_flash_ex.o
LOAD build/stm32f1xx_hal_exti.o
LOAD build/stm32f1xx_hal_tim.o
LOAD build/stm32f1xx_hal_tim_ex.o
LOAD build/system_stm32f1xx.o
LOAD build/sysmem.o
LOAD build/syscalls.o
LOAD build/MPU6050.o
LOAD build/startup_stm32f103xe.o
LOAD d:/rw/ozone/mingw64/bin/../lib/gcc/arm-none-eabi/12.2.0/../../../../arm-none-eabi/lib/thumb/v7-m/nofp\libc_nano.a
LOAD d:/rw/ozone/mingw64/bin/../lib/gcc/arm-none-eabi/12.2.0/../../../../arm-none-eabi/lib/thumb/v7-m/nofp\libm.a
LOAD d:/rw/ozone/mingw64/bin/../lib/gcc/arm-none-eabi/12.2.0/../../../../arm-none-eabi/lib/thumb/v7-m/nofp\libnosys.a
START GROUP
LOAD d:/rw/ozone/mingw64/bin/../lib/gcc/arm-none-eabi/12.2.0/thumb/v7-m/nofp\libgcc.a
LOAD d:/rw/ozone/mingw64/bin/../lib/gcc/arm-none-eabi/12.2.0/../../../../arm-none-eabi/lib/thumb/v7-m/nofp\libc_nano.a
END GROUP
START GROUP
LOAD d:/rw/ozone/mingw64/bin/../lib/gcc/arm-none-eabi/12.2.0/thumb/v7-m/nofp\libgcc.a
LOAD d:/rw/ozone/mingw64/bin/../lib/gcc/arm-none-eabi/12.2.0/../../../../arm-none-eabi/lib/thumb/v7-m/nofp\libc_nano.a
END GROUP
LOAD d:/rw/ozone/mingw64/bin/../lib/gcc/arm-none-eabi/12.2.0/thumb/v7-m/nofp/crtend.o
LOAD d:/rw/ozone/mingw64/bin/../lib/gcc/arm-none-eabi/12.2.0/thumb/v7-m/nofp/crtn.o
                0x2000c000                        _estack = (ORIGIN (RAM) + LENGTH (RAM))
                0x00000200                        _Min_Heap_Size = 0x200
                0x00000400                        _Min_Stack_Size = 0x400

.isr_vector     0x08000000      0x1e4
                0x08000000                        . = ALIGN (0x4)
 *(.isr_vector)
 .isr_vector    0x08000000      0x1e4 build/startup_stm32f103xe.o
                0x08000000                g_pfnVectors
                0x080001e4                        . = ALIGN (0x4)

.text           0x080001e8     0x3524
                0x080001e8                        . = ALIGN (0x4)
 *(.text)
 .text          0x080001e8       0xa0 d:/rw/ozone/mingw64/bin/../lib/gcc/arm-none-eabi/12.2.0/../../../../arm-none-eabi/lib/thumb/v7-m/nofp\libc_nano.a(libc_a-memset.o)
                0x080001e8                memset
 .text          0x08000288        0xc d:/rw/ozone/mingw64/bin/../lib/gcc/arm-none-eabi/12.2.0/../../../../arm-none-eabi/lib/thumb/v7-m/nofp\libc_nano.a(libc_a-errno.o)
                0x08000288                __errno
 .text          0x08000294       0x50 d:/rw/ozone/mingw64/bin/../lib/gcc/arm-none-eabi/12.2.0/../../../../arm-none-eabi/lib/thumb/v7-m/nofp\libc_nano.a(libc_a-init.o)
                0x08000294                __libc_init_array
 .text          0x080002e4       0x40 d:/rw/ozone/mingw64/bin/../lib/gcc/arm-none-eabi/12.2.0/../../../../arm-none-eabi/lib/thumb/v7-m/nofp\libm.a(libm_a-wf_asin.o)
                0x080002e4                asinf
 .text          0x08000324        0x4 d:/rw/ozone/mingw64/bin/../lib/gcc/arm-none-eabi/12.2.0/../../../../arm-none-eabi/lib/thumb/v7-m/nofp\libm.a(libm_a-wf_atan2.o)
                0x08000324                atan2f
 .text          0x08000328        0x8 d:/rw/ozone/mingw64/bin/../lib/gcc/arm-none-eabi/12.2.0/../../../../arm-none-eabi/lib/thumb/v7-m/nofp\libm.a(libm_a-sf_fabs.o)
                0x08000328                fabsf
 .text          0x08000330        0x8 d:/rw/ozone/mingw64/bin/../lib/gcc/arm-none-eabi/12.2.0/../../../../arm-none-eabi/lib/thumb/v7-m/nofp\libm.a(libm_a-sf_nan.o)
                0x08000330                nanf
 .text          0x08000338      0x29c d:/rw/ozone/mingw64/bin/../lib/gcc/arm-none-eabi/12.2.0/../../../../arm-none-eabi/lib/thumb/v7-m/nofp\libm.a(libm_a-ef_asin.o)
                0x08000338                __ieee754_asinf
 .text          0x080005d4      0x110 d:/rw/ozone/mingw64/bin/../lib/gcc/arm-none-eabi/12.2.0/../../../../arm-none-eabi/lib/thumb/v7-m/nofp\libm.a(libm_a-ef_atan2.o)
                0x080005d4                __ieee754_atan2f
 .text          0x080006e4      0x208 d:/rw/ozone/mingw64/bin/../lib/gcc/arm-none-eabi/12.2.0/../../../../arm-none-eabi/lib/thumb/v7-m/nofp\libm.a(libm_a-sf_atan.o)
                0x080006e4                atanf
 .text          0x080008ec       0xe0 d:/rw/ozone/mingw64/bin/../lib/gcc/arm-none-eabi/12.2.0/../../../../arm-none-eabi/lib/thumb/v7-m/nofp\libm.a(libm_a-ef_sqrt.o)
                0x080008ec                __ieee754_sqrtf
 .text          0x080009cc      0x378 d:/rw/ozone/mingw64/bin/../lib/gcc/arm-none-eabi/12.2.0/thumb/v7-m/nofp\libgcc.a(_arm_addsubdf3.o)
                0x080009cc                __aeabi_drsub
                0x080009d4                __aeabi_dsub
                0x080009d4                __subdf3
                0x080009d8                __aeabi_dadd
                0x080009d8                __adddf3
                0x08000c50                __floatunsidf
                0x08000c50                __aeabi_ui2d
                0x08000c70                __floatsidf
                0x08000c70                __aeabi_i2d
                0x08000c94                __aeabi_f2d
                0x08000c94                __extendsfdf2
                0x08000cd8                __floatundidf
                0x08000cd8                __aeabi_ul2d
                0x08000ce8                __floatdidf
                0x08000ce8                __aeabi_l2d
 .text          0x08000d44      0x424 d:/rw/ozone/mingw64/bin/../lib/gcc/arm-none-eabi/12.2.0/thumb/v7-m/nofp\libgcc.a(_arm_muldivdf3.o)
                0x08000d44                __aeabi_dmul
                0x08000d44                __muldf3
                0x08000f98                __divdf3
                0x08000f98                __aeabi_ddiv
 .text          0x08001168       0xa0 d:/rw/ozone/mingw64/bin/../lib/gcc/arm-none-eabi/12.2.0/thumb/v7-m/nofp\libgcc.a(_arm_truncdfsf2.o)
                0x08001168                __truncdfsf2
                0x08001168                __aeabi_d2f
 .text          0x08001208      0x21c d:/rw/ozone/mingw64/bin/../lib/gcc/arm-none-eabi/12.2.0/thumb/v7-m/nofp\libgcc.a(_arm_addsubsf3.o)
                0x08001208                __aeabi_frsub
                0x08001210                __subsf3
                0x08001210                __aeabi_fsub
                0x08001214                __aeabi_fadd
                0x08001214                __addsf3
                0x08001374                __aeabi_ui2f
                0x08001374                __floatunsisf
                0x0800137c                __aeabi_i2f
                0x0800137c                __floatsisf
                0x08001398                __aeabi_ul2f
                0x08001398                __floatundisf
                0x080013a8                __aeabi_l2f
                0x080013a8                __floatdisf
 .text          0x08001424      0x2a0 d:/rw/ozone/mingw64/bin/../lib/gcc/arm-none-eabi/12.2.0/thumb/v7-m/nofp\libgcc.a(_arm_muldivsf3.o)
                0x08001424                __mulsf3
                0x08001424                __aeabi_fmul
                0x0800158c                __aeabi_fdiv
                0x0800158c                __divsf3
 .text          0x080016c4       0xec d:/rw/ozone/mingw64/bin/../lib/gcc/arm-none-eabi/12.2.0/thumb/v7-m/nofp\libgcc.a(_arm_cmpsf2.o)
                0x080016c4                __gesf2
                0x080016c4                __gtsf2
                0x080016cc                __lesf2
                0x080016cc                __ltsf2
                0x080016d4                __nesf2
                0x080016d4                __eqsf2
                0x080016d4                __cmpsf2
                0x08001734                __aeabi_cfrcmple
                0x0800173c                __aeabi_cfcmpeq
                0x0800173c                __aeabi_cfcmple
                0x0800174c                __aeabi_fcmpeq
                0x08001760                __aeabi_fcmplt
                0x08001774                __aeabi_fcmple
                0x08001788                __aeabi_fcmpge
                0x0800179c                __aeabi_fcmpgt
 .text          0x080017b0       0x2c d:/rw/ozone/mingw64/bin/../lib/gcc/arm-none-eabi/12.2.0/thumb/v7-m/nofp\libgcc.a(_arm_unordsf2.o)
                0x080017b0                __unordsf2
                0x080017b0                __aeabi_fcmpun
 *(.text*)
 .text.__do_global_dtors_aux
                0x080017dc       0x24 d:/rw/ozone/mingw64/bin/../lib/gcc/arm-none-eabi/12.2.0/thumb/v7-m/nofp/crtbegin.o
 .text.frame_dummy
                0x08001800       0x1c d:/rw/ozone/mingw64/bin/../lib/gcc/arm-none-eabi/12.2.0/thumb/v7-m/nofp/crtbegin.o
 .text.Error_Handler
                0x0800181c        0x4 build/main.o
                0x0800181c                Error_Handler
 .text.SystemClock_Config
                0x08001820       0x64 build/main.o
                0x08001820                SystemClock_Config
 .text.main     0x08001884      0x11c build/main.o
                0x08001884                main
 .text.MX_GPIO_Init
                0x080019a0       0x44 build/gpio.o
                0x080019a0                MX_GPIO_Init
 .text.MX_I2C1_Init
                0x080019e4       0x3c build/i2c.o
                0x080019e4                MX_I2C1_Init
 .text.HAL_I2C_MspInit
                0x08001a20       0x64 build/i2c.o
                0x08001a20                HAL_I2C_MspInit
 .text.NMI_Handler
                0x08001a84        0x2 build/stm32f1xx_it.o
                0x08001a84                NMI_Handler
 .text.HardFault_Handler
                0x08001a86        0x2 build/stm32f1xx_it.o
                0x08001a86                HardFault_Handler
 .text.MemManage_Handler
                0x08001a88        0x2 build/stm32f1xx_it.o
                0x08001a88                MemManage_Handler
 .text.BusFault_Handler
                0x08001a8a        0x2 build/stm32f1xx_it.o
                0x08001a8a                BusFault_Handler
 .text.UsageFault_Handler
                0x08001a8c        0x2 build/stm32f1xx_it.o
                0x08001a8c                UsageFault_Handler
 .text.SVC_Handler
                0x08001a8e        0x2 build/stm32f1xx_it.o
                0x08001a8e                SVC_Handler
 .text.DebugMon_Handler
                0x08001a90        0x2 build/stm32f1xx_it.o
                0x08001a90                DebugMon_Handler
 .text.PendSV_Handler
                0x08001a92        0x2 build/stm32f1xx_it.o
                0x08001a92                PendSV_Handler
 .text.SysTick_Handler
                0x08001a94        0x8 build/stm32f1xx_it.o
                0x08001a94                SysTick_Handler
 .text.HAL_MspInit
                0x08001a9c       0x44 build/stm32f1xx_hal_msp.o
                0x08001a9c                HAL_MspInit
 .text.I2C_IsAcknowledgeFailed
                0x08001ae0       0x32 build/stm32f1xx_hal_i2c.o
 .text.I2C_WaitOnFlagUntilTimeout
                0x08001b12       0xaa build/stm32f1xx_hal_i2c.o
 .text.I2C_WaitOnMasterAddressFlagUntilTimeout
                0x08001bbc       0xd6 build/stm32f1xx_hal_i2c.o
 .text.I2C_WaitOnTXEFlagUntilTimeout
                0x08001c92       0x5e build/stm32f1xx_hal_i2c.o
 .text.I2C_RequestMemoryWrite
                0x08001cf0       0xd8 build/stm32f1xx_hal_i2c.o
 .text.I2C_RequestMemoryRead
                0x08001dc8      0x154 build/stm32f1xx_hal_i2c.o
 .text.I2C_WaitOnBTFFlagUntilTimeout
                0x08001f1c       0x5e build/stm32f1xx_hal_i2c.o
 .text.I2C_WaitOnRXNEFlagUntilTimeout
                0x08001f7a       0x78 build/stm32f1xx_hal_i2c.o
 *fill*         0x08001ff2        0x2 
 .text.HAL_I2C_Init
                0x08001ff4      0x1bc build/stm32f1xx_hal_i2c.o
                0x08001ff4                HAL_I2C_Init
 .text.HAL_I2C_Mem_Write
                0x080021b0      0x164 build/stm32f1xx_hal_i2c.o
                0x080021b0                HAL_I2C_Mem_Write
 .text.HAL_I2C_Mem_Read
                0x08002314      0x35c build/stm32f1xx_hal_i2c.o
                0x08002314                HAL_I2C_Mem_Read
 .text.HAL_InitTick
                0x08002670       0x4c build/stm32f1xx_hal.o
                0x08002670                HAL_InitTick
 .text.HAL_Init
                0x080026bc       0x24 build/stm32f1xx_hal.o
                0x080026bc                HAL_Init
 .text.HAL_IncTick
                0x080026e0       0x18 build/stm32f1xx_hal.o
                0x080026e0                HAL_IncTick
 .text.HAL_GetTick
                0x080026f8        0xc build/stm32f1xx_hal.o
                0x080026f8                HAL_GetTick
 .text.HAL_Delay
                0x08002704       0x28 build/stm32f1xx_hal.o
                0x08002704                HAL_Delay
 .text.RCC_Delay
                0x0800272c       0x2c build/stm32f1xx_hal_rcc.o
 .text.HAL_RCC_OscConfig
                0x08002758      0x410 build/stm32f1xx_hal_rcc.o
                0x08002758                HAL_RCC_OscConfig
 .text.HAL_RCC_GetSysClockFreq
                0x08002b68       0x54 build/stm32f1xx_hal_rcc.o
                0x08002b68                HAL_RCC_GetSysClockFreq
 .text.HAL_RCC_ClockConfig
                0x08002bbc      0x16c build/stm32f1xx_hal_rcc.o
                0x08002bbc                HAL_RCC_ClockConfig
 .text.HAL_RCC_GetHCLKFreq
                0x08002d28        0xc build/stm32f1xx_hal_rcc.o
                0x08002d28                HAL_RCC_GetHCLKFreq
 .text.HAL_RCC_GetPCLK1Freq
                0x08002d34       0x20 build/stm32f1xx_hal_rcc.o
                0x08002d34                HAL_RCC_GetPCLK1Freq
 .text.HAL_GPIO_Init
                0x08002d54      0x238 build/stm32f1xx_hal_gpio.o
                0x08002d54                HAL_GPIO_Init
 .text.__NVIC_SetPriority
                0x08002f8c       0x28 build/stm32f1xx_hal_cortex.o
 .text.NVIC_EncodePriority
                0x08002fb4       0x3e build/stm32f1xx_hal_cortex.o
 *fill*         0x08002ff2        0x2 
 .text.HAL_NVIC_SetPriorityGrouping
                0x08002ff4       0x24 build/stm32f1xx_hal_cortex.o
                0x08002ff4                HAL_NVIC_SetPriorityGrouping
 .text.HAL_NVIC_SetPriority
                0x08003018       0x20 build/stm32f1xx_hal_cortex.o
                0x08003018                HAL_NVIC_SetPriority
 .text.HAL_SYSTICK_Config
                0x08003038       0x28 build/stm32f1xx_hal_cortex.o
                0x08003038                HAL_SYSTICK_Config
 .text.SystemInit
                0x08003060        0x2 build/system_stm32f1xx.o
                0x08003060                SystemInit
 *fill*         0x08003062        0x2 
 .text.MPU6050_Init
                0x08003064       0x64 build/MPU6050.o
                0x08003064                MPU6050_Init
 .text.MPU6050_ReadRawData
                0x080030c8       0x28 build/MPU6050.o
                0x080030c8                MPU6050_ReadRawData
 .text.invSqrt  0x080030f0       0x48 build/MPU6050.o
                0x080030f0                invSqrt
 .text.MahonyAHRSupdateIMU
                0x08003138      0x570 build/MPU6050.o
                0x08003138                MahonyAHRSupdateIMU
 .text.Reset_Handler
                0x080036a8       0x48 build/startup_stm32f103xe.o
                0x080036a8                Reset_Handler
 .text.Default_Handler
                0x080036f0        0x2 build/startup_stm32f103xe.o
                0x080036f0                RTC_Alarm_IRQHandler
                0x080036f0                EXTI2_IRQHandler
                0x080036f0                TIM8_TRG_COM_IRQHandler
                0x080036f0                TIM8_CC_IRQHandler
                0x080036f0                TIM1_CC_IRQHandler
                0x080036f0                TIM6_IRQHandler
                0x080036f0                PVD_IRQHandler
                0x080036f0                SDIO_IRQHandler
                0x080036f0                EXTI3_IRQHandler
                0x080036f0                EXTI0_IRQHandler
                0x080036f0                I2C2_EV_IRQHandler
                0x080036f0                ADC1_2_IRQHandler
                0x080036f0                SPI1_IRQHandler
                0x080036f0                TAMPER_IRQHandler
                0x080036f0                TIM8_UP_IRQHandler
                0x080036f0                DMA2_Channel2_IRQHandler
                0x080036f0                DMA1_Channel4_IRQHandler
                0x080036f0                USART3_IRQHandler
                0x080036f0                RTC_IRQHandler
                0x080036f0                DMA1_Channel7_IRQHandler
                0x080036f0                CAN1_RX1_IRQHandler
                0x080036f0                UART5_IRQHandler
                0x080036f0                ADC3_IRQHandler
                0x080036f0                TIM4_IRQHandler
                0x080036f0                DMA2_Channel1_IRQHandler
                0x080036f0                I2C1_EV_IRQHandler
                0x080036f0                DMA1_Channel6_IRQHandler
                0x080036f0                UART4_IRQHandler
                0x080036f0                TIM3_IRQHandler
                0x080036f0                RCC_IRQHandler
                0x080036f0                TIM1_TRG_COM_IRQHandler
                0x080036f0                DMA1_Channel1_IRQHandler
                0x080036f0                Default_Handler
                0x080036f0                EXTI15_10_IRQHandler
                0x080036f0                TIM7_IRQHandler
                0x080036f0                TIM5_IRQHandler
                0x080036f0                EXTI9_5_IRQHandler
                0x080036f0                SPI2_IRQHandler
                0x080036f0                DMA1_Channel5_IRQHandler
                0x080036f0                EXTI4_IRQHandler
                0x080036f0                USB_LP_CAN1_RX0_IRQHandler
                0x080036f0                USB_HP_CAN1_TX_IRQHandler
                0x080036f0                DMA1_Channel3_IRQHandler
                0x080036f0                FSMC_IRQHandler
                0x080036f0                TIM1_UP_IRQHandler
                0x080036f0                WWDG_IRQHandler
                0x080036f0                TIM2_IRQHandler
                0x080036f0                TIM1_BRK_IRQHandler
                0x080036f0                EXTI1_IRQHandler
                0x080036f0                DMA2_Channel4_5_IRQHandler
                0x080036f0                USART2_IRQHandler
                0x080036f0                I2C2_ER_IRQHandler
                0x080036f0                DMA1_Channel2_IRQHandler
                0x080036f0                TIM8_BRK_IRQHandler
                0x080036f0                CAN1_SCE_IRQHandler
                0x080036f0                FLASH_IRQHandler
                0x080036f0                USART1_IRQHandler
                0x080036f0                SPI3_IRQHandler
                0x080036f0                I2C1_ER_IRQHandler
                0x080036f0                USBWakeUp_IRQHandler
                0x080036f0                DMA2_Channel3_IRQHandler
 *(.glue_7)
 .glue_7        0x080036f2        0x0 linker stubs
 *(.glue_7t)
 .glue_7t       0x080036f2        0x0 linker stubs
 *(.eh_frame)
 *fill*         0x080036f2        0x2 
 .eh_frame      0x080036f4        0x0 d:/rw/ozone/mingw64/bin/../lib/gcc/arm-none-eabi/12.2.0/thumb/v7-m/nofp/crtbegin.o
 *(.init)
 .init          0x080036f4        0x4 d:/rw/ozone/mingw64/bin/../lib/gcc/arm-none-eabi/12.2.0/thumb/v7-m/nofp/crti.o
                0x080036f4                _init
 .init          0x080036f8        0x8 d:/rw/ozone/mingw64/bin/../lib/gcc/arm-none-eabi/12.2.0/thumb/v7-m/nofp/crtn.o
 *(.fini)
 .fini          0x08003700        0x4 d:/rw/ozone/mingw64/bin/../lib/gcc/arm-none-eabi/12.2.0/thumb/v7-m/nofp/crti.o
                0x08003700                _fini
 .fini          0x08003704        0x8 d:/rw/ozone/mingw64/bin/../lib/gcc/arm-none-eabi/12.2.0/thumb/v7-m/nofp/crtn.o
                0x0800370c                        . = ALIGN (0x4)
                0x0800370c                        _etext = .

.vfp11_veneer   0x0800370c        0x0
 .vfp11_veneer  0x0800370c        0x0 linker stubs

.v4_bx          0x0800370c        0x0
 .v4_bx         0x0800370c        0x0 linker stubs

.iplt           0x0800370c        0x0
 .iplt          0x0800370c        0x0 d:/rw/ozone/mingw64/bin/../lib/gcc/arm-none-eabi/12.2.0/thumb/v7-m/nofp/crtbegin.o

.rodata         0x0800370c       0x68
                0x0800370c                        . = ALIGN (0x4)
 *(.rodata)
 .rodata        0x0800370c       0x18 d:/rw/ozone/mingw64/bin/../lib/gcc/arm-none-eabi/12.2.0/../../../../arm-none-eabi/lib/thumb/v7-m/nofp\libm.a(libm_a-ef_atan2.o)
 .rodata        0x08003724       0x20 d:/rw/ozone/mingw64/bin/../lib/gcc/arm-none-eabi/12.2.0/../../../../arm-none-eabi/lib/thumb/v7-m/nofp\libm.a(libm_a-sf_atan.o)
 *(.rodata*)
 .rodata.aPredivFactorTable.0
                0x08003744        0x2 build/stm32f1xx_hal_rcc.o
 *fill*         0x08003746        0x2 
 .rodata.aPLLMULFactorTable.1
                0x08003748       0x10 build/stm32f1xx_hal_rcc.o
 .rodata.APBPrescTable
                0x08003758        0x8 build/system_stm32f1xx.o
                0x08003758                APBPrescTable
 .rodata.AHBPrescTable
                0x08003760       0x10 build/system_stm32f1xx.o
                0x08003760                AHBPrescTable
 .rodata.str1.4
                0x08003770        0x1 d:/rw/ozone/mingw64/bin/../lib/gcc/arm-none-eabi/12.2.0/../../../../arm-none-eabi/lib/thumb/v7-m/nofp\libm.a(libm_a-wf_asin.o)
                0x08003774                        . = ALIGN (0x4)
 *fill*         0x08003771        0x3 

.rel.dyn        0x08003774        0x0
 .rel.iplt      0x08003774        0x0 d:/rw/ozone/mingw64/bin/../lib/gcc/arm-none-eabi/12.2.0/thumb/v7-m/nofp/crtbegin.o

.ARM.extab
 *(.ARM.extab* .gnu.linkonce.armextab.*)

.ARM            0x08003774        0x0
                0x08003774                        __exidx_start = .
 *(.ARM.exidx*)
                0x08003774                        __exidx_end = .

.preinit_array  0x08003774        0x0
                0x08003774                        PROVIDE (__preinit_array_start = .)
 *(.preinit_array*)
                0x08003774                        PROVIDE (__preinit_array_end = .)

.init_array     0x08003774        0x4
                0x08003774                        PROVIDE (__init_array_start = .)
 *(SORT_BY_NAME(.init_array.*))
 *(.init_array*)
 .init_array    0x08003774        0x4 d:/rw/ozone/mingw64/bin/../lib/gcc/arm-none-eabi/12.2.0/thumb/v7-m/nofp/crtbegin.o
                0x08003778                        PROVIDE (__init_array_end = .)

.fini_array     0x08003778        0x4
                0x08003778                        PROVIDE (__fini_array_start = .)
 *(SORT_BY_NAME(.fini_array.*))
 *(.fini_array*)
 .fini_array    0x08003778        0x4 d:/rw/ozone/mingw64/bin/../lib/gcc/arm-none-eabi/12.2.0/thumb/v7-m/nofp/crtbegin.o
                0x0800377c                        PROVIDE (__fini_array_end = .)
                0x0800377c                        _sidata = LOADADDR (.data)

.data           0x20000000       0x68 load address 0x0800377c
                0x20000000                        . = ALIGN (0x4)
                0x20000000                        _sdata = .
 *(.data)
 .data          0x20000000       0x50 d:/rw/ozone/mingw64/bin/../lib/gcc/arm-none-eabi/12.2.0/../../../../arm-none-eabi/lib/thumb/v7-m/nofp\libc_nano.a(libc_a-impure.o)
                0x20000000                _impure_ptr
                0x20000004                _impure_data
 .data          0x20000050        0x8 d:/rw/ozone/mingw64/bin/../lib/gcc/arm-none-eabi/12.2.0/../../../../arm-none-eabi/lib/thumb/v7-m/nofp\libm.a(libm_a-ef_sqrt.o)
 *(.data*)
 .data.uwTickFreq
                0x20000058        0x1 build/stm32f1xx_hal.o
                0x20000058                uwTickFreq
 *fill*         0x20000059        0x3 
 .data.uwTickPrio
                0x2000005c        0x4 build/stm32f1xx_hal.o
                0x2000005c                uwTickPrio
 .data.SystemCoreClock
                0x20000060        0x4 build/system_stm32f1xx.o
                0x20000060                SystemCoreClock
 .data.twoKp    0x20000064        0x4 build/MPU6050.o
                0x20000064                twoKp
                0x20000068                        . = ALIGN (0x4)
                0x20000068                        _edata = .

.igot.plt       0x20000068        0x0 load address 0x080037e4
 .igot.plt      0x20000068        0x0 d:/rw/ozone/mingw64/bin/../lib/gcc/arm-none-eabi/12.2.0/thumb/v7-m/nofp/crtbegin.o
                0x20000068                        . = ALIGN (0x4)

.bss            0x20000068      0x1fc load address 0x080037e4
                0x20000068                        _sbss = .
                0x20000068                        __bss_start__ = _sbss
 *(.bss)
 .bss           0x20000068      0x13c d:/rw/ozone/mingw64/bin/../lib/gcc/arm-none-eabi/12.2.0/../../../../arm-none-eabi/lib/thumb/v7-m/nofp\libc_nano.a(libc_a-findfp.o)
                0x20000068                __sf
                0x200001a0                __stdio_exit_handler
 *(.bss*)
 .bss.completed.1
                0x200001a4        0x1 d:/rw/ozone/mingw64/bin/../lib/gcc/arm-none-eabi/12.2.0/thumb/v7-m/nofp/crtbegin.o
 *fill*         0x200001a5        0x3 
 .bss.object.0  0x200001a8       0x18 d:/rw/ozone/mingw64/bin/../lib/gcc/arm-none-eabi/12.2.0/thumb/v7-m/nofp/crtbegin.o
 .bss.mf        0x200001c0        0xc build/main.o
                0x200001c0                mf
 .bss.Gz        0x200001cc        0x4 build/main.o
                0x200001cc                Gz
 .bss.Gy        0x200001d0        0x4 build/main.o
                0x200001d0                Gy
 .bss.Gx        0x200001d4        0x4 build/main.o
                0x200001d4                Gx
 .bss.Az        0x200001d8        0x4 build/main.o
                0x200001d8                Az
 .bss.Ay        0x200001dc        0x4 build/main.o
                0x200001dc                Ay
 .bss.Ax        0x200001e0        0x4 build/main.o
                0x200001e0                Ax
 .bss.GyroZ_Raw
                0x200001e4        0x2 build/main.o
                0x200001e4                GyroZ_Raw
 .bss.GyroY_Raw
                0x200001e6        0x2 build/main.o
                0x200001e6                GyroY_Raw
 .bss.GyroX_Raw
                0x200001e8        0x2 build/main.o
                0x200001e8                GyroX_Raw
 .bss.AccZ_Raw  0x200001ea        0x2 build/main.o
                0x200001ea                AccZ_Raw
 .bss.AccY_Raw  0x200001ec        0x2 build/main.o
                0x200001ec                AccY_Raw
 .bss.AccX_Raw  0x200001ee        0x2 build/main.o
                0x200001ee                AccX_Raw
 .bss.Yaw       0x200001f0        0x4 build/main.o
                0x200001f0                Yaw
 .bss.Roll      0x200001f4        0x4 build/main.o
                0x200001f4                Roll
 .bss.Pitch     0x200001f8        0x4 build/main.o
                0x200001f8                Pitch
 .bss.hi2c1     0x200001fc       0x54 build/i2c.o
                0x200001fc                hi2c1
 .bss.uwTick    0x20000250        0x4 build/stm32f1xx_hal.o
                0x20000250                uwTick
 .bss.integralFBz
                0x20000254        0x4 build/MPU6050.o
                0x20000254                integralFBz
 .bss.integralFBy
                0x20000258        0x4 build/MPU6050.o
                0x20000258                integralFBy
 .bss.integralFBx
                0x2000025c        0x4 build/MPU6050.o
                0x2000025c                integralFBx
 .bss.twoKi     0x20000260        0x4 build/MPU6050.o
                0x20000260                twoKi
 *(COMMON)
                0x20000264                        . = ALIGN (0x4)
                0x20000264                        _ebss = .
                0x20000264                        __bss_end__ = _ebss

._user_heap_stack
                0x20000264      0x604 load address 0x080037e4
                0x20000268                        . = ALIGN (0x8)
 *fill*         0x20000264        0x4 
                [!provide]                        PROVIDE (end = .)
                0x20000268                        PROVIDE (_end = .)
                0x20000468                        . = (. + _Min_Heap_Size)
 *fill*         0x20000268      0x200 
                0x20000868                        . = (. + _Min_Stack_Size)
 *fill*         0x20000468      0x400 
                0x20000868                        . = ALIGN (0x8)

/DISCARD/
 libc.a(*)
 libm.a(*)
 libgcc.a(*)

.ARM.attributes
                0x00000000       0x29
 *(.ARM.attributes)
 .ARM.attributes
                0x00000000       0x1d d:/rw/ozone/mingw64/bin/../lib/gcc/arm-none-eabi/12.2.0/thumb/v7-m/nofp/crti.o
 .ARM.attributes
                0x0000001d       0x2d d:/rw/ozone/mingw64/bin/../lib/gcc/arm-none-eabi/12.2.0/thumb/v7-m/nofp/crtbegin.o
 .ARM.attributes
                0x0000004a       0x2d build/main.o
 .ARM.attributes
                0x00000077       0x2d build/gpio.o
 .ARM.attributes
                0x000000a4       0x2d build/i2c.o
 .ARM.attributes
                0x000000d1       0x2d build/stm32f1xx_it.o
 .ARM.attributes
                0x000000fe       0x2d build/stm32f1xx_hal_msp.o
 .ARM.attributes
                0x0000012b       0x2d build/stm32f1xx_hal_i2c.o
 .ARM.attributes
                0x00000158       0x2d build/stm32f1xx_hal.o
 .ARM.attributes
                0x00000185       0x2d build/stm32f1xx_hal_rcc.o
 .ARM.attributes
                0x000001b2       0x2d build/stm32f1xx_hal_gpio.o
 .ARM.attributes
                0x000001df       0x2d build/stm32f1xx_hal_cortex.o
 .ARM.attributes
                0x0000020c       0x2d build/system_stm32f1xx.o
 .ARM.attributes
                0x00000239       0x2d build/MPU6050.o
 .ARM.attributes
                0x00000266       0x21 build/startup_stm32f103xe.o
 .ARM.attributes
                0x00000287       0x2d d:/rw/ozone/mingw64/bin/../lib/gcc/arm-none-eabi/12.2.0/../../../../arm-none-eabi/lib/thumb/v7-m/nofp\libc_nano.a(libc_a-findfp.o)
 .ARM.attributes
                0x000002b4       0x2d d:/rw/ozone/mingw64/bin/../lib/gcc/arm-none-eabi/12.2.0/../../../../arm-none-eabi/lib/thumb/v7-m/nofp\libc_nano.a(libc_a-memset.o)
 .ARM.attributes
                0x000002e1       0x2d d:/rw/ozone/mingw64/bin/../lib/gcc/arm-none-eabi/12.2.0/../../../../arm-none-eabi/lib/thumb/v7-m/nofp\libc_nano.a(libc_a-impure.o)
 .ARM.attributes
                0x0000030e       0x2d d:/rw/ozone/mingw64/bin/../lib/gcc/arm-none-eabi/12.2.0/../../../../arm-none-eabi/lib/thumb/v7-m/nofp\libc_nano.a(libc_a-errno.o)
 .ARM.attributes
                0x0000033b       0x2d d:/rw/ozone/mingw64/bin/../lib/gcc/arm-none-eabi/12.2.0/../../../../arm-none-eabi/lib/thumb/v7-m/nofp\libc_nano.a(libc_a-init.o)
 .ARM.attributes
                0x00000368       0x2d d:/rw/ozone/mingw64/bin/../lib/gcc/arm-none-eabi/12.2.0/../../../../arm-none-eabi/lib/thumb/v7-m/nofp\libm.a(libm_a-wf_asin.o)
 .ARM.attributes
                0x00000395       0x2d d:/rw/ozone/mingw64/bin/../lib/gcc/arm-none-eabi/12.2.0/../../../../arm-none-eabi/lib/thumb/v7-m/nofp\libm.a(libm_a-wf_atan2.o)
 .ARM.attributes
                0x000003c2       0x2d d:/rw/ozone/mingw64/bin/../lib/gcc/arm-none-eabi/12.2.0/../../../../arm-none-eabi/lib/thumb/v7-m/nofp\libm.a(libm_a-sf_fabs.o)
 .ARM.attributes
                0x000003ef       0x2d d:/rw/ozone/mingw64/bin/../lib/gcc/arm-none-eabi/12.2.0/../../../../arm-none-eabi/lib/thumb/v7-m/nofp\libm.a(libm_a-sf_nan.o)
 .ARM.attributes
                0x0000041c       0x2d d:/rw/ozone/mingw64/bin/../lib/gcc/arm-none-eabi/12.2.0/../../../../arm-none-eabi/lib/thumb/v7-m/nofp\libm.a(libm_a-ef_asin.o)
 .ARM.attributes
                0x00000449       0x2d d:/rw/ozone/mingw64/bin/../lib/gcc/arm-none-eabi/12.2.0/../../../../arm-none-eabi/lib/thumb/v7-m/nofp\libm.a(libm_a-ef_atan2.o)
 .ARM.attributes
                0x00000476       0x2d d:/rw/ozone/mingw64/bin/../lib/gcc/arm-none-eabi/12.2.0/../../../../arm-none-eabi/lib/thumb/v7-m/nofp\libm.a(libm_a-sf_atan.o)
 .ARM.attributes
                0x000004a3       0x2d d:/rw/ozone/mingw64/bin/../lib/gcc/arm-none-eabi/12.2.0/../../../../arm-none-eabi/lib/thumb/v7-m/nofp\libm.a(libm_a-ef_sqrt.o)
 .ARM.attributes
                0x000004d0       0x1d d:/rw/ozone/mingw64/bin/../lib/gcc/arm-none-eabi/12.2.0/thumb/v7-m/nofp\libgcc.a(_arm_addsubdf3.o)
 .ARM.attributes
                0x000004ed       0x1d d:/rw/ozone/mingw64/bin/../lib/gcc/arm-none-eabi/12.2.0/thumb/v7-m/nofp\libgcc.a(_arm_muldivdf3.o)
 .ARM.attributes
                0x0000050a       0x1d d:/rw/ozone/mingw64/bin/../lib/gcc/arm-none-eabi/12.2.0/thumb/v7-m/nofp\libgcc.a(_arm_truncdfsf2.o)
 .ARM.attributes
                0x00000527       0x1d d:/rw/ozone/mingw64/bin/../lib/gcc/arm-none-eabi/12.2.0/thumb/v7-m/nofp\libgcc.a(_arm_addsubsf3.o)
 .ARM.attributes
                0x00000544       0x1d d:/rw/ozone/mingw64/bin/../lib/gcc/arm-none-eabi/12.2.0/thumb/v7-m/nofp\libgcc.a(_arm_muldivsf3.o)
 .ARM.attributes
                0x00000561       0x1d d:/rw/ozone/mingw64/bin/../lib/gcc/arm-none-eabi/12.2.0/thumb/v7-m/nofp\libgcc.a(_arm_cmpsf2.o)
 .ARM.attributes
                0x0000057e       0x1d d:/rw/ozone/mingw64/bin/../lib/gcc/arm-none-eabi/12.2.0/thumb/v7-m/nofp\libgcc.a(_arm_unordsf2.o)
 .ARM.attributes
                0x0000059b       0x1d d:/rw/ozone/mingw64/bin/../lib/gcc/arm-none-eabi/12.2.0/thumb/v7-m/nofp/crtn.o
OUTPUT(build/I2c.elf elf32-littlearm)
LOAD linker stubs
LOAD d:/rw/ozone/mingw64/bin/../lib/gcc/arm-none-eabi/12.2.0/../../../../arm-none-eabi/lib/thumb/v7-m/nofp\libc.a
LOAD d:/rw/ozone/mingw64/bin/../lib/gcc/arm-none-eabi/12.2.0/../../../../arm-none-eabi/lib/thumb/v7-m/nofp\libm.a
LOAD d:/rw/ozone/mingw64/bin/../lib/gcc/arm-none-eabi/12.2.0/thumb/v7-m/nofp\libgcc.a

.debug_info     0x00000000     0xb33c
 .debug_info    0x00000000      0x67e build/main.o
 .debug_info    0x0000067e      0x1b6 build/gpio.o
 .debug_info    0x00000834      0x996 build/i2c.o
 .debug_info    0x000011ca      0x158 build/stm32f1xx_it.o
 .debug_info    0x00001322      0x238 build/stm32f1xx_hal_msp.o
 .debug_info    0x0000155a     0x3cdf build/stm32f1xx_hal_i2c.o
 .debug_info    0x00005239      0x8e6 build/stm32f1xx_hal.o
 .debug_info    0x00005b1f      0xb10 build/stm32f1xx_hal_rcc.o
 .debug_info    0x0000662f      0x6d7 build/stm32f1xx_hal_gpio.o
 .debug_info    0x00006d06      0xe79 build/stm32f1xx_hal_cortex.o
 .debug_info    0x00007b7f      0x26e build/system_stm32f1xx.o
 .debug_info    0x00007ded     0x10cd build/MPU6050.o
 .debug_info    0x00008eba       0x30 build/startup_stm32f103xe.o
 .debug_info    0x00008eea     0x10be d:/rw/ozone/mingw64/bin/../lib/gcc/arm-none-eabi/12.2.0/../../../../arm-none-eabi/lib/thumb/v7-m/nofp\libc_nano.a(libc_a-findfp.o)
 .debug_info    0x00009fa8      0x135 d:/rw/ozone/mingw64/bin/../lib/gcc/arm-none-eabi/12.2.0/../../../../arm-none-eabi/lib/thumb/v7-m/nofp\libc_nano.a(libc_a-memset.o)
 .debug_info    0x0000a0dd      0x715 d:/rw/ozone/mingw64/bin/../lib/gcc/arm-none-eabi/12.2.0/../../../../arm-none-eabi/lib/thumb/v7-m/nofp\libc_nano.a(libc_a-impure.o)
 .debug_info    0x0000a7f2      0x6fb d:/rw/ozone/mingw64/bin/../lib/gcc/arm-none-eabi/12.2.0/../../../../arm-none-eabi/lib/thumb/v7-m/nofp\libc_nano.a(libc_a-errno.o)
 .debug_info    0x0000aeed      0x10b d:/rw/ozone/mingw64/bin/../lib/gcc/arm-none-eabi/12.2.0/../../../../arm-none-eabi/lib/thumb/v7-m/nofp\libc_nano.a(libc_a-init.o)
 .debug_info    0x0000aff8       0xc0 d:/rw/ozone/mingw64/bin/../lib/gcc/arm-none-eabi/12.2.0/thumb/v7-m/nofp\libgcc.a(_arm_addsubdf3.o)
 .debug_info    0x0000b0b8       0x52 d:/rw/ozone/mingw64/bin/../lib/gcc/arm-none-eabi/12.2.0/thumb/v7-m/nofp\libgcc.a(_arm_muldivdf3.o)
 .debug_info    0x0000b10a       0x3c d:/rw/ozone/mingw64/bin/../lib/gcc/arm-none-eabi/12.2.0/thumb/v7-m/nofp\libgcc.a(_arm_truncdfsf2.o)
 .debug_info    0x0000b146       0xaf d:/rw/ozone/mingw64/bin/../lib/gcc/arm-none-eabi/12.2.0/thumb/v7-m/nofp\libgcc.a(_arm_addsubsf3.o)
 .debug_info    0x0000b1f5       0x52 d:/rw/ozone/mingw64/bin/../lib/gcc/arm-none-eabi/12.2.0/thumb/v7-m/nofp\libgcc.a(_arm_muldivsf3.o)
 .debug_info    0x0000b247       0xbc d:/rw/ozone/mingw64/bin/../lib/gcc/arm-none-eabi/12.2.0/thumb/v7-m/nofp\libgcc.a(_arm_cmpsf2.o)
 .debug_info    0x0000b303       0x39 d:/rw/ozone/mingw64/bin/../lib/gcc/arm-none-eabi/12.2.0/thumb/v7-m/nofp\libgcc.a(_arm_unordsf2.o)

.debug_abbrev   0x00000000     0x213a
 .debug_abbrev  0x00000000      0x241 build/main.o
 .debug_abbrev  0x00000241       0xc1 build/gpio.o
 .debug_abbrev  0x00000302      0x1f6 build/i2c.o
 .debug_abbrev  0x000004f8       0x80 build/stm32f1xx_it.o
 .debug_abbrev  0x00000578       0xe7 build/stm32f1xx_hal_msp.o
 .debug_abbrev  0x0000065f      0x31e build/stm32f1xx_hal_i2c.o
 .debug_abbrev  0x0000097d      0x232 build/stm32f1xx_hal.o
 .debug_abbrev  0x00000baf      0x2d6 build/stm32f1xx_hal_rcc.o
 .debug_abbrev  0x00000e85      0x222 build/stm32f1xx_hal_gpio.o
 .debug_abbrev  0x000010a7      0x3aa build/stm32f1xx_hal_cortex.o
 .debug_abbrev  0x00001451      0x140 build/system_stm32f1xx.o
 .debug_abbrev  0x00001591      0x238 build/MPU6050.o
 .debug_abbrev  0x000017c9       0x1d build/startup_stm32f103xe.o
 .debug_abbrev  0x000017e6      0x446 d:/rw/ozone/mingw64/bin/../lib/gcc/arm-none-eabi/12.2.0/../../../../arm-none-eabi/lib/thumb/v7-m/nofp\libc_nano.a(libc_a-findfp.o)
 .debug_abbrev  0x00001c2c       0xb7 d:/rw/ozone/mingw64/bin/../lib/gcc/arm-none-eabi/12.2.0/../../../../arm-none-eabi/lib/thumb/v7-m/nofp\libc_nano.a(libc_a-memset.o)
 .debug_abbrev  0x00001ce3      0x149 d:/rw/ozone/mingw64/bin/../lib/gcc/arm-none-eabi/12.2.0/../../../../arm-none-eabi/lib/thumb/v7-m/nofp\libc_nano.a(libc_a-impure.o)
 .debug_abbrev  0x00001e2c      0x15e d:/rw/ozone/mingw64/bin/../lib/gcc/arm-none-eabi/12.2.0/../../../../arm-none-eabi/lib/thumb/v7-m/nofp\libc_nano.a(libc_a-errno.o)
 .debug_abbrev  0x00001f8a       0xc9 d:/rw/ozone/mingw64/bin/../lib/gcc/arm-none-eabi/12.2.0/../../../../arm-none-eabi/lib/thumb/v7-m/nofp\libc_nano.a(libc_a-init.o)
 .debug_abbrev  0x00002053       0x21 d:/rw/ozone/mingw64/bin/../lib/gcc/arm-none-eabi/12.2.0/thumb/v7-m/nofp\libgcc.a(_arm_addsubdf3.o)
 .debug_abbrev  0x00002074       0x21 d:/rw/ozone/mingw64/bin/../lib/gcc/arm-none-eabi/12.2.0/thumb/v7-m/nofp\libgcc.a(_arm_muldivdf3.o)
 .debug_abbrev  0x00002095       0x21 d:/rw/ozone/mingw64/bin/../lib/gcc/arm-none-eabi/12.2.0/thumb/v7-m/nofp\libgcc.a(_arm_truncdfsf2.o)
 .debug_abbrev  0x000020b6       0x21 d:/rw/ozone/mingw64/bin/../lib/gcc/arm-none-eabi/12.2.0/thumb/v7-m/nofp\libgcc.a(_arm_addsubsf3.o)
 .debug_abbrev  0x000020d7       0x21 d:/rw/ozone/mingw64/bin/../lib/gcc/arm-none-eabi/12.2.0/thumb/v7-m/nofp\libgcc.a(_arm_muldivsf3.o)
 .debug_abbrev  0x000020f8       0x21 d:/rw/ozone/mingw64/bin/../lib/gcc/arm-none-eabi/12.2.0/thumb/v7-m/nofp\libgcc.a(_arm_cmpsf2.o)
 .debug_abbrev  0x00002119       0x21 d:/rw/ozone/mingw64/bin/../lib/gcc/arm-none-eabi/12.2.0/thumb/v7-m/nofp\libgcc.a(_arm_unordsf2.o)

.debug_loc      0x00000000     0x6f9b
 .debug_loc     0x00000000       0x72 build/main.o
 .debug_loc     0x00000072       0x2c build/gpio.o
 .debug_loc     0x0000009e       0xeb build/i2c.o
 .debug_loc     0x00000189       0x20 build/stm32f1xx_it.o
 .debug_loc     0x000001a9       0x41 build/stm32f1xx_hal_msp.o
 .debug_loc     0x000001ea     0x4df1 build/stm32f1xx_hal_i2c.o
 .debug_loc     0x00004fdb      0x1e1 build/stm32f1xx_hal.o
 .debug_loc     0x000051bc      0x790 build/stm32f1xx_hal_rcc.o
 .debug_loc     0x0000594c      0x53c build/stm32f1xx_hal_gpio.o
 .debug_loc     0x00005e88      0x782 build/stm32f1xx_hal_cortex.o
 .debug_loc     0x0000660a       0xff build/system_stm32f1xx.o
 .debug_loc     0x00006709      0x892 build/MPU6050.o

.debug_aranges  0x00000000      0x830
 .debug_aranges
                0x00000000       0x30 build/main.o
 .debug_aranges
                0x00000030       0x20 build/gpio.o
 .debug_aranges
                0x00000050       0x30 build/i2c.o
 .debug_aranges
                0x00000080       0x60 build/stm32f1xx_it.o
 .debug_aranges
                0x000000e0       0x20 build/stm32f1xx_hal_msp.o
 .debug_aranges
                0x00000100      0x2a8 build/stm32f1xx_hal_i2c.o
 .debug_aranges
                0x000003a8       0xe0 build/stm32f1xx_hal.o
 .debug_aranges
                0x00000488       0x90 build/stm32f1xx_hal_rcc.o
 .debug_aranges
                0x00000518       0x58 build/stm32f1xx_hal_gpio.o
 .debug_aranges
                0x00000570       0xc0 build/stm32f1xx_hal_cortex.o
 .debug_aranges
                0x00000630       0x28 build/system_stm32f1xx.o
 .debug_aranges
                0x00000658       0x38 build/MPU6050.o
 .debug_aranges
                0x00000690       0x28 build/startup_stm32f103xe.o
 .debug_aranges
                0x000006b8       0x20 d:/rw/ozone/mingw64/bin/../lib/gcc/arm-none-eabi/12.2.0/../../../../arm-none-eabi/lib/thumb/v7-m/nofp\libc_nano.a(libc_a-findfp.o)
 .debug_aranges
                0x000006d8       0x20 d:/rw/ozone/mingw64/bin/../lib/gcc/arm-none-eabi/12.2.0/../../../../arm-none-eabi/lib/thumb/v7-m/nofp\libc_nano.a(libc_a-memset.o)
 .debug_aranges
                0x000006f8       0x18 d:/rw/ozone/mingw64/bin/../lib/gcc/arm-none-eabi/12.2.0/../../../../arm-none-eabi/lib/thumb/v7-m/nofp\libc_nano.a(libc_a-impure.o)
 .debug_aranges
                0x00000710       0x20 d:/rw/ozone/mingw64/bin/../lib/gcc/arm-none-eabi/12.2.0/../../../../arm-none-eabi/lib/thumb/v7-m/nofp\libc_nano.a(libc_a-errno.o)
 .debug_aranges
                0x00000730       0x20 d:/rw/ozone/mingw64/bin/../lib/gcc/arm-none-eabi/12.2.0/../../../../arm-none-eabi/lib/thumb/v7-m/nofp\libc_nano.a(libc_a-init.o)
 .debug_aranges
                0x00000750       0x20 d:/rw/ozone/mingw64/bin/../lib/gcc/arm-none-eabi/12.2.0/thumb/v7-m/nofp\libgcc.a(_arm_addsubdf3.o)
 .debug_aranges
                0x00000770       0x20 d:/rw/ozone/mingw64/bin/../lib/gcc/arm-none-eabi/12.2.0/thumb/v7-m/nofp\libgcc.a(_arm_muldivdf3.o)
 .debug_aranges
                0x00000790       0x20 d:/rw/ozone/mingw64/bin/../lib/gcc/arm-none-eabi/12.2.0/thumb/v7-m/nofp\libgcc.a(_arm_truncdfsf2.o)
 .debug_aranges
                0x000007b0       0x20 d:/rw/ozone/mingw64/bin/../lib/gcc/arm-none-eabi/12.2.0/thumb/v7-m/nofp\libgcc.a(_arm_addsubsf3.o)
 .debug_aranges
                0x000007d0       0x20 d:/rw/ozone/mingw64/bin/../lib/gcc/arm-none-eabi/12.2.0/thumb/v7-m/nofp\libgcc.a(_arm_muldivsf3.o)
 .debug_aranges
                0x000007f0       0x20 d:/rw/ozone/mingw64/bin/../lib/gcc/arm-none-eabi/12.2.0/thumb/v7-m/nofp\libgcc.a(_arm_cmpsf2.o)
 .debug_aranges
                0x00000810       0x20 d:/rw/ozone/mingw64/bin/../lib/gcc/arm-none-eabi/12.2.0/thumb/v7-m/nofp\libgcc.a(_arm_unordsf2.o)

.debug_ranges   0x00000000      0x628
 .debug_ranges  0x00000000       0x20 build/main.o
 .debug_ranges  0x00000020       0x10 build/gpio.o
 .debug_ranges  0x00000030       0x20 build/i2c.o
 .debug_ranges  0x00000050       0x50 build/stm32f1xx_it.o
 .debug_ranges  0x000000a0       0x10 build/stm32f1xx_hal_msp.o
 .debug_ranges  0x000000b0      0x2b0 build/stm32f1xx_hal_i2c.o
 .debug_ranges  0x00000360       0xd0 build/stm32f1xx_hal.o
 .debug_ranges  0x00000430       0xa0 build/stm32f1xx_hal_rcc.o
 .debug_ranges  0x000004d0       0x48 build/stm32f1xx_hal_gpio.o
 .debug_ranges  0x00000518       0xb0 build/stm32f1xx_hal_cortex.o
 .debug_ranges  0x000005c8       0x18 build/system_stm32f1xx.o
 .debug_ranges  0x000005e0       0x28 build/MPU6050.o
 .debug_ranges  0x00000608       0x20 build/startup_stm32f103xe.o

.debug_line     0x00000000     0x9573
 .debug_line    0x00000000      0x355 build/main.o
 .debug_line    0x00000355      0x115 build/gpio.o
 .debug_line    0x0000046a      0x27f build/i2c.o
 .debug_line    0x000006e9      0x179 build/stm32f1xx_it.o
 .debug_line    0x00000862      0x123 build/stm32f1xx_hal_msp.o
 .debug_line    0x00000985     0x563f build/stm32f1xx_hal_i2c.o
 .debug_line    0x00005fc4      0x4d4 build/stm32f1xx_hal.o
 .debug_line    0x00006498      0xbbc build/stm32f1xx_hal_rcc.o
 .debug_line    0x00007054      0x565 build/stm32f1xx_hal_gpio.o
 .debug_line    0x000075b9      0x677 build/stm32f1xx_hal_cortex.o
 .debug_line    0x00007c30      0x1ec build/system_stm32f1xx.o
 .debug_line    0x00007e1c      0x4ff build/MPU6050.o
 .debug_line    0x0000831b       0x72 build/startup_stm32f103xe.o
 .debug_line    0x0000838d      0x63a d:/rw/ozone/mingw64/bin/../lib/gcc/arm-none-eabi/12.2.0/../../../../arm-none-eabi/lib/thumb/v7-m/nofp\libc_nano.a(libc_a-findfp.o)
 .debug_line    0x000089c7      0x1cd d:/rw/ozone/mingw64/bin/../lib/gcc/arm-none-eabi/12.2.0/../../../../arm-none-eabi/lib/thumb/v7-m/nofp\libc_nano.a(libc_a-memset.o)
 .debug_line    0x00008b94       0xfb d:/rw/ozone/mingw64/bin/../lib/gcc/arm-none-eabi/12.2.0/../../../../arm-none-eabi/lib/thumb/v7-m/nofp\libc_nano.a(libc_a-impure.o)
 .debug_line    0x00008c8f      0x120 d:/rw/ozone/mingw64/bin/../lib/gcc/arm-none-eabi/12.2.0/../../../../arm-none-eabi/lib/thumb/v7-m/nofp\libc_nano.a(libc_a-errno.o)
 .debug_line    0x00008daf      0x144 d:/rw/ozone/mingw64/bin/../lib/gcc/arm-none-eabi/12.2.0/../../../../arm-none-eabi/lib/thumb/v7-m/nofp\libc_nano.a(libc_a-init.o)
 .debug_line    0x00008ef3      0x16f d:/rw/ozone/mingw64/bin/../lib/gcc/arm-none-eabi/12.2.0/thumb/v7-m/nofp\libgcc.a(_arm_addsubdf3.o)
 .debug_line    0x00009062      0x184 d:/rw/ozone/mingw64/bin/../lib/gcc/arm-none-eabi/12.2.0/thumb/v7-m/nofp\libgcc.a(_arm_muldivdf3.o)
 .debug_line    0x000091e6       0x76 d:/rw/ozone/mingw64/bin/../lib/gcc/arm-none-eabi/12.2.0/thumb/v7-m/nofp\libgcc.a(_arm_truncdfsf2.o)
 .debug_line    0x0000925c      0x103 d:/rw/ozone/mingw64/bin/../lib/gcc/arm-none-eabi/12.2.0/thumb/v7-m/nofp\libgcc.a(_arm_addsubsf3.o)
 .debug_line    0x0000935f      0x123 d:/rw/ozone/mingw64/bin/../lib/gcc/arm-none-eabi/12.2.0/thumb/v7-m/nofp\libgcc.a(_arm_muldivsf3.o)
 .debug_line    0x00009482       0x9a d:/rw/ozone/mingw64/bin/../lib/gcc/arm-none-eabi/12.2.0/thumb/v7-m/nofp\libgcc.a(_arm_cmpsf2.o)
 .debug_line    0x0000951c       0x57 d:/rw/ozone/mingw64/bin/../lib/gcc/arm-none-eabi/12.2.0/thumb/v7-m/nofp\libgcc.a(_arm_unordsf2.o)

.debug_str      0x00000000     0x2cc3
 .debug_str     0x00000000     0x2cc3 build/main.o
                                0x3e6 (size before relaxing)
 .debug_str     0x00002cc3      0x195 build/gpio.o
 .debug_str     0x00002cc3      0x6f6 build/i2c.o
 .debug_str     0x00002cc3      0x1d2 build/stm32f1xx_it.o
 .debug_str     0x00002cc3      0x1cf build/stm32f1xx_hal_msp.o
 .debug_str     0x00002cc3      0xf75 build/stm32f1xx_hal_i2c.o
 .debug_str     0x00002cc3      0x8c2 build/stm32f1xx_hal.o
 .debug_str     0x00002cc3      0x5db build/stm32f1xx_hal_rcc.o
 .debug_str     0x00002cc3      0x3b0 build/stm32f1xx_hal_gpio.o
 .debug_str     0x00002cc3      0x967 build/stm32f1xx_hal_cortex.o
 .debug_str     0x00002cc3      0x204 build/system_stm32f1xx.o
 .debug_str     0x00002cc3      0x7b5 build/MPU6050.o
 .debug_str     0x00002cc3       0x42 build/startup_stm32f103xe.o
 .debug_str     0x00002cc3      0x722 d:/rw/ozone/mingw64/bin/../lib/gcc/arm-none-eabi/12.2.0/../../../../arm-none-eabi/lib/thumb/v7-m/nofp\libc_nano.a(libc_a-findfp.o)
 .debug_str     0x00002cc3      0x193 d:/rw/ozone/mingw64/bin/../lib/gcc/arm-none-eabi/12.2.0/../../../../arm-none-eabi/lib/thumb/v7-m/nofp\libc_nano.a(libc_a-memset.o)
 .debug_str     0x00002cc3      0x49f d:/rw/ozone/mingw64/bin/../lib/gcc/arm-none-eabi/12.2.0/../../../../arm-none-eabi/lib/thumb/v7-m/nofp\libc_nano.a(libc_a-impure.o)
 .debug_str     0x00002cc3      0x499 d:/rw/ozone/mingw64/bin/../lib/gcc/arm-none-eabi/12.2.0/../../../../arm-none-eabi/lib/thumb/v7-m/nofp\libc_nano.a(libc_a-errno.o)
 .debug_str     0x00002cc3      0x1e0 d:/rw/ozone/mingw64/bin/../lib/gcc/arm-none-eabi/12.2.0/../../../../arm-none-eabi/lib/thumb/v7-m/nofp\libc_nano.a(libc_a-init.o)
 .debug_str     0x00002cc3      0x16f d:/rw/ozone/mingw64/bin/../lib/gcc/arm-none-eabi/12.2.0/thumb/v7-m/nofp\libgcc.a(_arm_addsubdf3.o)
 .debug_str     0x00002cc3       0xe1 d:/rw/ozone/mingw64/bin/../lib/gcc/arm-none-eabi/12.2.0/thumb/v7-m/nofp\libgcc.a(_arm_muldivdf3.o)
 .debug_str     0x00002cc3       0xce d:/rw/ozone/mingw64/bin/../lib/gcc/arm-none-eabi/12.2.0/thumb/v7-m/nofp\libgcc.a(_arm_truncdfsf2.o)
 .debug_str     0x00002cc3      0x155 d:/rw/ozone/mingw64/bin/../lib/gcc/arm-none-eabi/12.2.0/thumb/v7-m/nofp\libgcc.a(_arm_addsubsf3.o)
 .debug_str     0x00002cc3       0xe1 d:/rw/ozone/mingw64/bin/../lib/gcc/arm-none-eabi/12.2.0/thumb/v7-m/nofp\libgcc.a(_arm_muldivsf3.o)
 .debug_str     0x00002cc3      0x16a d:/rw/ozone/mingw64/bin/../lib/gcc/arm-none-eabi/12.2.0/thumb/v7-m/nofp\libgcc.a(_arm_cmpsf2.o)
 .debug_str     0x00002cc3       0xcf d:/rw/ozone/mingw64/bin/../lib/gcc/arm-none-eabi/12.2.0/thumb/v7-m/nofp\libgcc.a(_arm_unordsf2.o)

.comment        0x00000000       0x12
 .comment       0x00000000       0x12 build/main.o
                                 0x13 (size before relaxing)
 .comment       0x00000012       0x13 build/gpio.o
 .comment       0x00000012       0x13 build/i2c.o
 .comment       0x00000012       0x13 build/stm32f1xx_it.o
 .comment       0x00000012       0x13 build/stm32f1xx_hal_msp.o
 .comment       0x00000012       0x13 build/stm32f1xx_hal_i2c.o
 .comment       0x00000012       0x13 build/stm32f1xx_hal.o
 .comment       0x00000012       0x13 build/stm32f1xx_hal_rcc.o
 .comment       0x00000012       0x13 build/stm32f1xx_hal_gpio.o
 .comment       0x00000012       0x13 build/stm32f1xx_hal_cortex.o
 .comment       0x00000012       0x13 build/system_stm32f1xx.o
 .comment       0x00000012       0x13 build/MPU6050.o
 .comment       0x00000012       0x13 d:/rw/ozone/mingw64/bin/../lib/gcc/arm-none-eabi/12.2.0/../../../../arm-none-eabi/lib/thumb/v7-m/nofp\libc_nano.a(libc_a-findfp.o)
 .comment       0x00000012       0x13 d:/rw/ozone/mingw64/bin/../lib/gcc/arm-none-eabi/12.2.0/../../../../arm-none-eabi/lib/thumb/v7-m/nofp\libc_nano.a(libc_a-memset.o)
 .comment       0x00000012       0x13 d:/rw/ozone/mingw64/bin/../lib/gcc/arm-none-eabi/12.2.0/../../../../arm-none-eabi/lib/thumb/v7-m/nofp\libc_nano.a(libc_a-impure.o)
 .comment       0x00000012       0x13 d:/rw/ozone/mingw64/bin/../lib/gcc/arm-none-eabi/12.2.0/../../../../arm-none-eabi/lib/thumb/v7-m/nofp\libc_nano.a(libc_a-errno.o)
 .comment       0x00000012       0x13 d:/rw/ozone/mingw64/bin/../lib/gcc/arm-none-eabi/12.2.0/../../../../arm-none-eabi/lib/thumb/v7-m/nofp\libc_nano.a(libc_a-init.o)

.debug_frame    0x00000000     0x177c
 .debug_frame   0x00000000       0x5c build/main.o
 .debug_frame   0x0000005c       0x28 build/gpio.o
 .debug_frame   0x00000084       0x60 build/i2c.o
 .debug_frame   0x000000e4       0xa8 build/stm32f1xx_it.o
 .debug_frame   0x0000018c       0x28 build/stm32f1xx_hal_msp.o
 .debug_frame   0x000001b4      0x988 build/stm32f1xx_hal_i2c.o
 .debug_frame   0x00000b3c      0x1cc build/stm32f1xx_hal.o
 .debug_frame   0x00000d08      0x184 build/stm32f1xx_hal_rcc.o
 .debug_frame   0x00000e8c       0xe4 build/stm32f1xx_hal_gpio.o
 .debug_frame   0x00000f70      0x19c build/stm32f1xx_hal_cortex.o
 .debug_frame   0x0000110c       0x30 build/system_stm32f1xx.o
 .debug_frame   0x0000113c       0x9c build/MPU6050.o
 .debug_frame   0x000011d8      0x13c d:/rw/ozone/mingw64/bin/../lib/gcc/arm-none-eabi/12.2.0/../../../../arm-none-eabi/lib/thumb/v7-m/nofp\libc_nano.a(libc_a-findfp.o)
 .debug_frame   0x00001314       0x2c d:/rw/ozone/mingw64/bin/../lib/gcc/arm-none-eabi/12.2.0/../../../../arm-none-eabi/lib/thumb/v7-m/nofp\libc_nano.a(libc_a-memset.o)
 .debug_frame   0x00001340       0x20 d:/rw/ozone/mingw64/bin/../lib/gcc/arm-none-eabi/12.2.0/../../../../arm-none-eabi/lib/thumb/v7-m/nofp\libc_nano.a(libc_a-errno.o)
 .debug_frame   0x00001360       0x2c d:/rw/ozone/mingw64/bin/../lib/gcc/arm-none-eabi/12.2.0/../../../../arm-none-eabi/lib/thumb/v7-m/nofp\libc_nano.a(libc_a-init.o)
 .debug_frame   0x0000138c       0x34 d:/rw/ozone/mingw64/bin/../lib/gcc/arm-none-eabi/12.2.0/../../../../arm-none-eabi/lib/thumb/v7-m/nofp\libm.a(libm_a-wf_asin.o)
 .debug_frame   0x000013c0       0x20 d:/rw/ozone/mingw64/bin/../lib/gcc/arm-none-eabi/12.2.0/../../../../arm-none-eabi/lib/thumb/v7-m/nofp\libm.a(libm_a-wf_atan2.o)
 .debug_frame   0x000013e0       0x20 d:/rw/ozone/mingw64/bin/../lib/gcc/arm-none-eabi/12.2.0/../../../../arm-none-eabi/lib/thumb/v7-m/nofp\libm.a(libm_a-sf_fabs.o)
 .debug_frame   0x00001400       0x20 d:/rw/ozone/mingw64/bin/../lib/gcc/arm-none-eabi/12.2.0/../../../../arm-none-eabi/lib/thumb/v7-m/nofp\libm.a(libm_a-sf_nan.o)
 .debug_frame   0x00001420       0x34 d:/rw/ozone/mingw64/bin/../lib/gcc/arm-none-eabi/12.2.0/../../../../arm-none-eabi/lib/thumb/v7-m/nofp\libm.a(libm_a-ef_asin.o)
 .debug_frame   0x00001454       0x38 d:/rw/ozone/mingw64/bin/../lib/gcc/arm-none-eabi/12.2.0/../../../../arm-none-eabi/lib/thumb/v7-m/nofp\libm.a(libm_a-ef_atan2.o)
 .debug_frame   0x0000148c       0x30 d:/rw/ozone/mingw64/bin/../lib/gcc/arm-none-eabi/12.2.0/../../../../arm-none-eabi/lib/thumb/v7-m/nofp\libm.a(libm_a-sf_atan.o)
 .debug_frame   0x000014bc       0x30 d:/rw/ozone/mingw64/bin/../lib/gcc/arm-none-eabi/12.2.0/../../../../arm-none-eabi/lib/thumb/v7-m/nofp\libm.a(libm_a-ef_sqrt.o)
 .debug_frame   0x000014ec       0xac d:/rw/ozone/mingw64/bin/../lib/gcc/arm-none-eabi/12.2.0/thumb/v7-m/nofp\libgcc.a(_arm_addsubdf3.o)
 .debug_frame   0x00001598       0x50 d:/rw/ozone/mingw64/bin/../lib/gcc/arm-none-eabi/12.2.0/thumb/v7-m/nofp\libgcc.a(_arm_muldivdf3.o)
 .debug_frame   0x000015e8       0x24 d:/rw/ozone/mingw64/bin/../lib/gcc/arm-none-eabi/12.2.0/thumb/v7-m/nofp\libgcc.a(_arm_truncdfsf2.o)
 .debug_frame   0x0000160c       0x4c d:/rw/ozone/mingw64/bin/../lib/gcc/arm-none-eabi/12.2.0/thumb/v7-m/nofp\libgcc.a(_arm_addsubsf3.o)
 .debug_frame   0x00001658       0x38 d:/rw/ozone/mingw64/bin/../lib/gcc/arm-none-eabi/12.2.0/thumb/v7-m/nofp\libgcc.a(_arm_muldivsf3.o)
 .debug_frame   0x00001690       0xc8 d:/rw/ozone/mingw64/bin/../lib/gcc/arm-none-eabi/12.2.0/thumb/v7-m/nofp\libgcc.a(_arm_cmpsf2.o)
 .debug_frame   0x00001758       0x24 d:/rw/ozone/mingw64/bin/../lib/gcc/arm-none-eabi/12.2.0/thumb/v7-m/nofp\libgcc.a(_arm_unordsf2.o)

.debug_loclists
                0x00000000     0x13dc
 .debug_loclists
                0x00000000      0x264 d:/rw/ozone/mingw64/bin/../lib/gcc/arm-none-eabi/12.2.0/../../../../arm-none-eabi/lib/thumb/v7-m/nofp\libc_nano.a(libc_a-findfp.o)
 .debug_loclists
                0x00000264      0x1cb d:/rw/ozone/mingw64/bin/../lib/gcc/arm-none-eabi/12.2.0/../../../../arm-none-eabi/lib/thumb/v7-m/nofp\libc_nano.a(libc_a-memset.o)
 .debug_loclists
                0x0000042f       0x65 d:/rw/ozone/mingw64/bin/../lib/gcc/arm-none-eabi/12.2.0/../../../../arm-none-eabi/lib/thumb/v7-m/nofp\libc_nano.a(libc_a-init.o)
 .debug_loclists
                0x00000494       0x2f d:/rw/ozone/mingw64/bin/../lib/gcc/arm-none-eabi/12.2.0/../../../../arm-none-eabi/lib/thumb/v7-m/nofp\libm.a(libm_a-wf_asin.o)
 .debug_loclists
                0x000004c3       0x34 d:/rw/ozone/mingw64/bin/../lib/gcc/arm-none-eabi/12.2.0/../../../../arm-none-eabi/lib/thumb/v7-m/nofp\libm.a(libm_a-wf_atan2.o)
 .debug_loclists
                0x000004f7       0x57 d:/rw/ozone/mingw64/bin/../lib/gcc/arm-none-eabi/12.2.0/../../../../arm-none-eabi/lib/thumb/v7-m/nofp\libm.a(libm_a-sf_fabs.o)
 .debug_loclists
                0x0000054e       0x1e d:/rw/ozone/mingw64/bin/../lib/gcc/arm-none-eabi/12.2.0/../../../../arm-none-eabi/lib/thumb/v7-m/nofp\libm.a(libm_a-sf_nan.o)
 .debug_loclists
                0x0000056c      0x450 d:/rw/ozone/mingw64/bin/../lib/gcc/arm-none-eabi/12.2.0/../../../../arm-none-eabi/lib/thumb/v7-m/nofp\libm.a(libm_a-ef_asin.o)
 .debug_loclists
                0x000009bc      0x4b8 d:/rw/ozone/mingw64/bin/../lib/gcc/arm-none-eabi/12.2.0/../../../../arm-none-eabi/lib/thumb/v7-m/nofp\libm.a(libm_a-ef_atan2.o)
 .debug_loclists
                0x00000e74      0x360 d:/rw/ozone/mingw64/bin/../lib/gcc/arm-none-eabi/12.2.0/../../../../arm-none-eabi/lib/thumb/v7-m/nofp\libm.a(libm_a-sf_atan.o)
 .debug_loclists
                0x000011d4      0x208 d:/rw/ozone/mingw64/bin/../lib/gcc/arm-none-eabi/12.2.0/../../../../arm-none-eabi/lib/thumb/v7-m/nofp\libm.a(libm_a-ef_sqrt.o)

.debug_rnglists
                0x00000000      0x115
 .debug_rnglists
                0x00000000       0xa4 d:/rw/ozone/mingw64/bin/../lib/gcc/arm-none-eabi/12.2.0/../../../../arm-none-eabi/lib/thumb/v7-m/nofp\libc_nano.a(libc_a-findfp.o)
 .debug_rnglists
                0x000000a4       0x13 d:/rw/ozone/mingw64/bin/../lib/gcc/arm-none-eabi/12.2.0/../../../../arm-none-eabi/lib/thumb/v7-m/nofp\libm.a(libm_a-sf_fabs.o)
 .debug_rnglists
                0x000000b7       0x1e d:/rw/ozone/mingw64/bin/../lib/gcc/arm-none-eabi/12.2.0/../../../../arm-none-eabi/lib/thumb/v7-m/nofp\libm.a(libm_a-ef_asin.o)
 .debug_rnglists
                0x000000d5       0x1a d:/rw/ozone/mingw64/bin/../lib/gcc/arm-none-eabi/12.2.0/../../../../arm-none-eabi/lib/thumb/v7-m/nofp\libm.a(libm_a-ef_atan2.o)
 .debug_rnglists
                0x000000ef       0x13 d:/rw/ozone/mingw64/bin/../lib/gcc/arm-none-eabi/12.2.0/../../../../arm-none-eabi/lib/thumb/v7-m/nofp\libm.a(libm_a-sf_atan.o)
 .debug_rnglists
                0x00000102       0x13 d:/rw/ozone/mingw64/bin/../lib/gcc/arm-none-eabi/12.2.0/../../../../arm-none-eabi/lib/thumb/v7-m/nofp\libm.a(libm_a-ef_sqrt.o)

.debug_line_str
                0x00000000       0xb6
 .debug_line_str
                0x00000000       0xb6 d:/rw/ozone/mingw64/bin/../lib/gcc/arm-none-eabi/12.2.0/thumb/v7-m/nofp\libgcc.a(_arm_addsubdf3.o)
                                 0xa9 (size before relaxing)
 .debug_line_str
                0x000000b6       0xa9 d:/rw/ozone/mingw64/bin/../lib/gcc/arm-none-eabi/12.2.0/thumb/v7-m/nofp\libgcc.a(_arm_muldivdf3.o)
 .debug_line_str
                0x000000b6       0xa9 d:/rw/ozone/mingw64/bin/../lib/gcc/arm-none-eabi/12.2.0/thumb/v7-m/nofp\libgcc.a(_arm_truncdfsf2.o)
 .debug_line_str
                0x000000b6       0xa9 d:/rw/ozone/mingw64/bin/../lib/gcc/arm-none-eabi/12.2.0/thumb/v7-m/nofp\libgcc.a(_arm_addsubsf3.o)
 .debug_line_str
                0x000000b6       0xa9 d:/rw/ozone/mingw64/bin/../lib/gcc/arm-none-eabi/12.2.0/thumb/v7-m/nofp\libgcc.a(_arm_muldivsf3.o)
 .debug_line_str
                0x000000b6       0xa9 d:/rw/ozone/mingw64/bin/../lib/gcc/arm-none-eabi/12.2.0/thumb/v7-m/nofp\libgcc.a(_arm_cmpsf2.o)
 .debug_line_str
                0x000000b6       0xa9 d:/rw/ozone/mingw64/bin/../lib/gcc/arm-none-eabi/12.2.0/thumb/v7-m/nofp\libgcc.a(_arm_unordsf2.o)

Cross Reference Table

Symbol                                            File
ADC1_2_IRQHandler                                 build/startup_stm32f103xe.o
ADC3_IRQHandler                                   build/startup_stm32f103xe.o
AHBPrescTable                                     build/system_stm32f1xx.o
                                                  build/stm32f1xx_hal_rcc.o
APBPrescTable                                     build/system_stm32f1xx.o
                                                  build/stm32f1xx_hal_rcc.o
AccX_Raw                                          build/main.o
AccY_Raw                                          build/main.o
AccZ_Raw                                          build/main.o
Ax                                                build/main.o
Ay                                                build/main.o
Az                                                build/main.o
BusFault_Handler                                  build/stm32f1xx_it.o
CAN1_RX1_IRQHandler                               build/startup_stm32f103xe.o
CAN1_SCE_IRQHandler                               build/startup_stm32f103xe.o
DMA1_Channel1_IRQHandler                          build/startup_stm32f103xe.o
DMA1_Channel2_IRQHandler                          build/startup_stm32f103xe.o
DMA1_Channel3_IRQHandler                          build/startup_stm32f103xe.o
DMA1_Channel4_IRQHandler                          build/startup_stm32f103xe.o
DMA1_Channel5_IRQHandler                          build/startup_stm32f103xe.o
DMA1_Channel6_IRQHandler                          build/startup_stm32f103xe.o
DMA1_Channel7_IRQHandler                          build/startup_stm32f103xe.o
DMA2_Channel1_IRQHandler                          build/startup_stm32f103xe.o
DMA2_Channel2_IRQHandler                          build/startup_stm32f103xe.o
DMA2_Channel3_IRQHandler                          build/startup_stm32f103xe.o
DMA2_Channel4_5_IRQHandler                        build/startup_stm32f103xe.o
DebugMon_Handler                                  build/stm32f1xx_it.o
Default_Handler                                   build/startup_stm32f103xe.o
EXTI0_IRQHandler                                  build/startup_stm32f103xe.o
EXTI15_10_IRQHandler                              build/startup_stm32f103xe.o
EXTI1_IRQHandler                                  build/startup_stm32f103xe.o
EXTI2_IRQHandler                                  build/startup_stm32f103xe.o
EXTI3_IRQHandler                                  build/startup_stm32f103xe.o
EXTI4_IRQHandler                                  build/startup_stm32f103xe.o
EXTI9_5_IRQHandler                                build/startup_stm32f103xe.o
Error_Handler                                     build/main.o
                                                  build/i2c.o
FLASH_IRQHandler                                  build/startup_stm32f103xe.o
FLASH_PageErase                                   build/stm32f1xx_hal_flash_ex.o
                                                  build/stm32f1xx_hal_flash.o
FLASH_WaitForLastOperation                        build/stm32f1xx_hal_flash.o
                                                  build/stm32f1xx_hal_flash_ex.o
FSMC_IRQHandler                                   build/startup_stm32f103xe.o
Gx                                                build/main.o
Gy                                                build/main.o
GyroX_Raw                                         build/main.o
GyroY_Raw                                         build/main.o
GyroZ_Raw                                         build/main.o
Gz                                                build/main.o
HAL_DBGMCU_DisableDBGSleepMode                    build/stm32f1xx_hal.o
HAL_DBGMCU_DisableDBGStandbyMode                  build/stm32f1xx_hal.o
HAL_DBGMCU_DisableDBGStopMode                     build/stm32f1xx_hal.o
HAL_DBGMCU_EnableDBGSleepMode                     build/stm32f1xx_hal.o
HAL_DBGMCU_EnableDBGStandbyMode                   build/stm32f1xx_hal.o
HAL_DBGMCU_EnableDBGStopMode                      build/stm32f1xx_hal.o
HAL_DMA_Abort                                     build/stm32f1xx_hal_dma.o
HAL_DMA_Abort_IT                                  build/stm32f1xx_hal_dma.o
                                                  build/stm32f1xx_hal_i2c.o
HAL_DMA_DeInit                                    build/stm32f1xx_hal_dma.o
HAL_DMA_GetError                                  build/stm32f1xx_hal_dma.o
HAL_DMA_GetState                                  build/stm32f1xx_hal_dma.o
                                                  build/stm32f1xx_hal_i2c.o
HAL_DMA_IRQHandler                                build/stm32f1xx_hal_dma.o
HAL_DMA_Init                                      build/stm32f1xx_hal_dma.o
HAL_DMA_PollForTransfer                           build/stm32f1xx_hal_dma.o
HAL_DMA_RegisterCallback                          build/stm32f1xx_hal_dma.o
HAL_DMA_Start                                     build/stm32f1xx_hal_dma.o
HAL_DMA_Start_IT                                  build/stm32f1xx_hal_dma.o
                                                  build/stm32f1xx_hal_i2c.o
HAL_DMA_UnRegisterCallback                        build/stm32f1xx_hal_dma.o
HAL_DeInit                                        build/stm32f1xx_hal.o
HAL_Delay                                         build/stm32f1xx_hal.o
                                                  build/main.o
HAL_EXTI_ClearConfigLine                          build/stm32f1xx_hal_exti.o
HAL_EXTI_ClearPending                             build/stm32f1xx_hal_exti.o
HAL_EXTI_GenerateSWI                              build/stm32f1xx_hal_exti.o
HAL_EXTI_GetConfigLine                            build/stm32f1xx_hal_exti.o
HAL_EXTI_GetHandle                                build/stm32f1xx_hal_exti.o
HAL_EXTI_GetPending                               build/stm32f1xx_hal_exti.o
HAL_EXTI_IRQHandler                               build/stm32f1xx_hal_exti.o
HAL_EXTI_RegisterCallback                         build/stm32f1xx_hal_exti.o
HAL_EXTI_SetConfigLine                            build/stm32f1xx_hal_exti.o
HAL_FLASHEx_Erase                                 build/stm32f1xx_hal_flash_ex.o
HAL_FLASHEx_Erase_IT                              build/stm32f1xx_hal_flash_ex.o
HAL_FLASHEx_OBErase                               build/stm32f1xx_hal_flash_ex.o
HAL_FLASHEx_OBGetConfig                           build/stm32f1xx_hal_flash_ex.o
HAL_FLASHEx_OBGetUserData                         build/stm32f1xx_hal_flash_ex.o
HAL_FLASHEx_OBProgram                             build/stm32f1xx_hal_flash_ex.o
HAL_FLASH_EndOfOperationCallback                  build/stm32f1xx_hal_flash.o
HAL_FLASH_GetError                                build/stm32f1xx_hal_flash.o
HAL_FLASH_IRQHandler                              build/stm32f1xx_hal_flash.o
HAL_FLASH_Lock                                    build/stm32f1xx_hal_flash.o
HAL_FLASH_OB_Launch                               build/stm32f1xx_hal_flash.o
HAL_FLASH_OB_Lock                                 build/stm32f1xx_hal_flash.o
HAL_FLASH_OB_Unlock                               build/stm32f1xx_hal_flash.o
HAL_FLASH_OperationErrorCallback                  build/stm32f1xx_hal_flash.o
HAL_FLASH_Program                                 build/stm32f1xx_hal_flash.o
HAL_FLASH_Program_IT                              build/stm32f1xx_hal_flash.o
HAL_FLASH_Unlock                                  build/stm32f1xx_hal_flash.o
HAL_GPIOEx_ConfigEventout                         build/stm32f1xx_hal_gpio_ex.o
HAL_GPIOEx_DisableEventout                        build/stm32f1xx_hal_gpio_ex.o
HAL_GPIOEx_EnableEventout                         build/stm32f1xx_hal_gpio_ex.o
HAL_GPIO_DeInit                                   build/stm32f1xx_hal_gpio.o
                                                  build/i2c.o
HAL_GPIO_EXTI_Callback                            build/stm32f1xx_hal_gpio.o
HAL_GPIO_EXTI_IRQHandler                          build/stm32f1xx_hal_gpio.o
HAL_GPIO_Init                                     build/stm32f1xx_hal_gpio.o
                                                  build/stm32f1xx_hal_rcc.o
                                                  build/i2c.o
HAL_GPIO_LockPin                                  build/stm32f1xx_hal_gpio.o
HAL_GPIO_ReadPin                                  build/stm32f1xx_hal_gpio.o
HAL_GPIO_TogglePin                                build/stm32f1xx_hal_gpio.o
HAL_GPIO_WritePin                                 build/stm32f1xx_hal_gpio.o
HAL_GetDEVID                                      build/stm32f1xx_hal.o
HAL_GetHalVersion                                 build/stm32f1xx_hal.o
HAL_GetREVID                                      build/stm32f1xx_hal.o
HAL_GetTick                                       build/stm32f1xx_hal.o
                                                  build/stm32f1xx_hal_flash.o
                                                  build/stm32f1xx_hal_dma.o
                                                  build/stm32f1xx_hal_rcc_ex.o
                                                  build/stm32f1xx_hal_rcc.o
                                                  build/stm32f1xx_hal_i2c.o
HAL_GetTickFreq                                   build/stm32f1xx_hal.o
HAL_GetTickPrio                                   build/stm32f1xx_hal.o
HAL_GetUIDw0                                      build/stm32f1xx_hal.o
HAL_GetUIDw1                                      build/stm32f1xx_hal.o
HAL_GetUIDw2                                      build/stm32f1xx_hal.o
HAL_I2C_AbortCpltCallback                         build/stm32f1xx_hal_i2c.o
HAL_I2C_AddrCallback                              build/stm32f1xx_hal_i2c.o
HAL_I2C_DeInit                                    build/stm32f1xx_hal_i2c.o
HAL_I2C_DisableListen_IT                          build/stm32f1xx_hal_i2c.o
HAL_I2C_ER_IRQHandler                             build/stm32f1xx_hal_i2c.o
HAL_I2C_EV_IRQHandler                             build/stm32f1xx_hal_i2c.o
HAL_I2C_EnableListen_IT                           build/stm32f1xx_hal_i2c.o
HAL_I2C_ErrorCallback                             build/stm32f1xx_hal_i2c.o
HAL_I2C_GetError                                  build/stm32f1xx_hal_i2c.o
HAL_I2C_GetMode                                   build/stm32f1xx_hal_i2c.o
HAL_I2C_GetState                                  build/stm32f1xx_hal_i2c.o
HAL_I2C_Init                                      build/stm32f1xx_hal_i2c.o
                                                  build/i2c.o
HAL_I2C_IsDeviceReady                             build/stm32f1xx_hal_i2c.o
HAL_I2C_ListenCpltCallback                        build/stm32f1xx_hal_i2c.o
HAL_I2C_MasterRxCpltCallback                      build/stm32f1xx_hal_i2c.o
HAL_I2C_MasterTxCpltCallback                      build/stm32f1xx_hal_i2c.o
HAL_I2C_Master_Abort_IT                           build/stm32f1xx_hal_i2c.o
HAL_I2C_Master_Receive                            build/stm32f1xx_hal_i2c.o
HAL_I2C_Master_Receive_DMA                        build/stm32f1xx_hal_i2c.o
HAL_I2C_Master_Receive_IT                         build/stm32f1xx_hal_i2c.o
HAL_I2C_Master_Seq_Receive_DMA                    build/stm32f1xx_hal_i2c.o
HAL_I2C_Master_Seq_Receive_IT                     build/stm32f1xx_hal_i2c.o
HAL_I2C_Master_Seq_Transmit_DMA                   build/stm32f1xx_hal_i2c.o
HAL_I2C_Master_Seq_Transmit_IT                    build/stm32f1xx_hal_i2c.o
HAL_I2C_Master_Transmit                           build/stm32f1xx_hal_i2c.o
HAL_I2C_Master_Transmit_DMA                       build/stm32f1xx_hal_i2c.o
HAL_I2C_Master_Transmit_IT                        build/stm32f1xx_hal_i2c.o
HAL_I2C_MemRxCpltCallback                         build/stm32f1xx_hal_i2c.o
HAL_I2C_MemTxCpltCallback                         build/stm32f1xx_hal_i2c.o
HAL_I2C_Mem_Read                                  build/stm32f1xx_hal_i2c.o
                                                  build/MPU6050.o
HAL_I2C_Mem_Read_DMA                              build/stm32f1xx_hal_i2c.o
HAL_I2C_Mem_Read_IT                               build/stm32f1xx_hal_i2c.o
HAL_I2C_Mem_Write                                 build/stm32f1xx_hal_i2c.o
                                                  build/MPU6050.o
HAL_I2C_Mem_Write_DMA                             build/stm32f1xx_hal_i2c.o
HAL_I2C_Mem_Write_IT                              build/stm32f1xx_hal_i2c.o
HAL_I2C_MspDeInit                                 build/i2c.o
HAL_I2C_MspInit                                   build/i2c.o
HAL_I2C_SlaveRxCpltCallback                       build/stm32f1xx_hal_i2c.o
HAL_I2C_SlaveTxCpltCallback                       build/stm32f1xx_hal_i2c.o
HAL_I2C_Slave_Receive                             build/stm32f1xx_hal_i2c.o
HAL_I2C_Slave_Receive_DMA                         build/stm32f1xx_hal_i2c.o
HAL_I2C_Slave_Receive_IT                          build/stm32f1xx_hal_i2c.o
HAL_I2C_Slave_Seq_Receive_DMA                     build/stm32f1xx_hal_i2c.o
HAL_I2C_Slave_Seq_Receive_IT                      build/stm32f1xx_hal_i2c.o
HAL_I2C_Slave_Seq_Transmit_DMA                    build/stm32f1xx_hal_i2c.o
HAL_I2C_Slave_Seq_Transmit_IT                     build/stm32f1xx_hal_i2c.o
HAL_I2C_Slave_Transmit                            build/stm32f1xx_hal_i2c.o
HAL_I2C_Slave_Transmit_DMA                        build/stm32f1xx_hal_i2c.o
HAL_I2C_Slave_Transmit_IT                         build/stm32f1xx_hal_i2c.o
HAL_IncTick                                       build/stm32f1xx_hal.o
                                                  build/stm32f1xx_it.o
HAL_Init                                          build/stm32f1xx_hal.o
                                                  build/main.o
HAL_InitTick                                      build/stm32f1xx_hal.o
                                                  build/stm32f1xx_hal_rcc.o
HAL_MspDeInit                                     build/stm32f1xx_hal.o
HAL_MspInit                                       build/stm32f1xx_hal_msp.o
HAL_NVIC_ClearPendingIRQ                          build/stm32f1xx_hal_cortex.o
HAL_NVIC_DisableIRQ                               build/stm32f1xx_hal_cortex.o
HAL_NVIC_EnableIRQ                                build/stm32f1xx_hal_cortex.o
HAL_NVIC_GetActive                                build/stm32f1xx_hal_cortex.o
HAL_NVIC_GetPendingIRQ                            build/stm32f1xx_hal_cortex.o
HAL_NVIC_GetPriority                              build/stm32f1xx_hal_cortex.o
HAL_NVIC_GetPriorityGrouping                      build/stm32f1xx_hal_cortex.o
HAL_NVIC_SetPendingIRQ                            build/stm32f1xx_hal_cortex.o
HAL_NVIC_SetPriority                              build/stm32f1xx_hal_cortex.o
                                                  build/stm32f1xx_hal.o
HAL_NVIC_SetPriorityGrouping                      build/stm32f1xx_hal_cortex.o
                                                  build/stm32f1xx_hal.o
HAL_NVIC_SystemReset                              build/stm32f1xx_hal_cortex.o
                                                  build/stm32f1xx_hal_flash.o
HAL_PWR_ConfigPVD                                 build/stm32f1xx_hal_pwr.o
HAL_PWR_DeInit                                    build/stm32f1xx_hal_pwr.o
HAL_PWR_DisableBkUpAccess                         build/stm32f1xx_hal_pwr.o
HAL_PWR_DisablePVD                                build/stm32f1xx_hal_pwr.o
HAL_PWR_DisableSEVOnPend                          build/stm32f1xx_hal_pwr.o
HAL_PWR_DisableSleepOnExit                        build/stm32f1xx_hal_pwr.o
HAL_PWR_DisableWakeUpPin                          build/stm32f1xx_hal_pwr.o
HAL_PWR_EnableBkUpAccess                          build/stm32f1xx_hal_pwr.o
HAL_PWR_EnablePVD                                 build/stm32f1xx_hal_pwr.o
HAL_PWR_EnableSEVOnPend                           build/stm32f1xx_hal_pwr.o
HAL_PWR_EnableSleepOnExit                         build/stm32f1xx_hal_pwr.o
HAL_PWR_EnableWakeUpPin                           build/stm32f1xx_hal_pwr.o
HAL_PWR_EnterSLEEPMode                            build/stm32f1xx_hal_pwr.o
HAL_PWR_EnterSTANDBYMode                          build/stm32f1xx_hal_pwr.o
HAL_PWR_EnterSTOPMode                             build/stm32f1xx_hal_pwr.o
HAL_PWR_PVDCallback                               build/stm32f1xx_hal_pwr.o
HAL_PWR_PVD_IRQHandler                            build/stm32f1xx_hal_pwr.o
HAL_RCCEx_GetPeriphCLKConfig                      build/stm32f1xx_hal_rcc_ex.o
HAL_RCCEx_GetPeriphCLKFreq                        build/stm32f1xx_hal_rcc_ex.o
HAL_RCCEx_PeriphCLKConfig                         build/stm32f1xx_hal_rcc_ex.o
HAL_RCC_CSSCallback                               build/stm32f1xx_hal_rcc.o
HAL_RCC_ClockConfig                               build/stm32f1xx_hal_rcc.o
                                                  build/main.o
HAL_RCC_DeInit                                    build/stm32f1xx_hal_rcc.o
HAL_RCC_DisableCSS                                build/stm32f1xx_hal_rcc.o
HAL_RCC_EnableCSS                                 build/stm32f1xx_hal_rcc.o
HAL_RCC_GetClockConfig                            build/stm32f1xx_hal_rcc.o
HAL_RCC_GetHCLKFreq                               build/stm32f1xx_hal_rcc.o
HAL_RCC_GetOscConfig                              build/stm32f1xx_hal_rcc.o
HAL_RCC_GetPCLK1Freq                              build/stm32f1xx_hal_rcc.o
                                                  build/stm32f1xx_hal_i2c.o
HAL_RCC_GetPCLK2Freq                              build/stm32f1xx_hal_rcc.o
                                                  build/stm32f1xx_hal_rcc_ex.o
HAL_RCC_GetSysClockFreq                           build/stm32f1xx_hal_rcc.o
                                                  build/stm32f1xx_hal_rcc_ex.o
HAL_RCC_MCOConfig                                 build/stm32f1xx_hal_rcc.o
HAL_RCC_NMI_IRQHandler                            build/stm32f1xx_hal_rcc.o
HAL_RCC_OscConfig                                 build/stm32f1xx_hal_rcc.o
                                                  build/main.o
HAL_ResumeTick                                    build/stm32f1xx_hal.o
HAL_SYSTICK_CLKSourceConfig                       build/stm32f1xx_hal_cortex.o
HAL_SYSTICK_Callback                              build/stm32f1xx_hal_cortex.o
HAL_SYSTICK_Config                                build/stm32f1xx_hal_cortex.o
                                                  build/stm32f1xx_hal.o
HAL_SYSTICK_IRQHandler                            build/stm32f1xx_hal_cortex.o
HAL_SetTickFreq                                   build/stm32f1xx_hal.o
HAL_SuspendTick                                   build/stm32f1xx_hal.o
HardFault_Handler                                 build/stm32f1xx_it.o
I2C1_ER_IRQHandler                                build/startup_stm32f103xe.o
I2C1_EV_IRQHandler                                build/startup_stm32f103xe.o
I2C2_ER_IRQHandler                                build/startup_stm32f103xe.o
I2C2_EV_IRQHandler                                build/startup_stm32f103xe.o
MPU6050_Init                                      build/MPU6050.o
                                                  build/main.o
MPU6050_ReadRawData                               build/MPU6050.o
                                                  build/main.o
MX_GPIO_Init                                      build/gpio.o
                                                  build/main.o
MX_I2C1_Init                                      build/i2c.o
                                                  build/main.o
MahonyAHRSupdateIMU                               build/MPU6050.o
                                                  build/main.o
MemManage_Handler                                 build/stm32f1xx_it.o
NMI_Handler                                       build/stm32f1xx_it.o
PVD_IRQHandler                                    build/startup_stm32f103xe.o
PendSV_Handler                                    build/stm32f1xx_it.o
Pitch                                             build/main.o
RCC_IRQHandler                                    build/startup_stm32f103xe.o
RTC_Alarm_IRQHandler                              build/startup_stm32f103xe.o
RTC_IRQHandler                                    build/startup_stm32f103xe.o
Reset_Handler                                     build/startup_stm32f103xe.o
Roll                                              build/main.o
SDIO_IRQHandler                                   build/startup_stm32f103xe.o
SPI1_IRQHandler                                   build/startup_stm32f103xe.o
SPI2_IRQHandler                                   build/startup_stm32f103xe.o
SPI3_IRQHandler                                   build/startup_stm32f103xe.o
SVC_Handler                                       build/stm32f1xx_it.o
SysTick_Handler                                   build/stm32f1xx_it.o
SystemClock_Config                                build/main.o
SystemCoreClock                                   build/system_stm32f1xx.o
                                                  build/stm32f1xx_hal_rcc.o
                                                  build/stm32f1xx_hal.o
                                                  build/stm32f1xx_hal_i2c.o
SystemCoreClockUpdate                             build/system_stm32f1xx.o
SystemInit                                        build/system_stm32f1xx.o
                                                  build/startup_stm32f103xe.o
TAMPER_IRQHandler                                 build/startup_stm32f103xe.o
TIM1_BRK_IRQHandler                               build/startup_stm32f103xe.o
TIM1_CC_IRQHandler                                build/startup_stm32f103xe.o
TIM1_TRG_COM_IRQHandler                           build/startup_stm32f103xe.o
TIM1_UP_IRQHandler                                build/startup_stm32f103xe.o
TIM2_IRQHandler                                   build/startup_stm32f103xe.o
TIM3_IRQHandler                                   build/startup_stm32f103xe.o
TIM4_IRQHandler                                   build/startup_stm32f103xe.o
TIM5_IRQHandler                                   build/startup_stm32f103xe.o
TIM6_IRQHandler                                   build/startup_stm32f103xe.o
TIM7_IRQHandler                                   build/startup_stm32f103xe.o
TIM8_BRK_IRQHandler                               build/startup_stm32f103xe.o
TIM8_CC_IRQHandler                                build/startup_stm32f103xe.o
TIM8_TRG_COM_IRQHandler                           build/startup_stm32f103xe.o
TIM8_UP_IRQHandler                                build/startup_stm32f103xe.o
UART4_IRQHandler                                  build/startup_stm32f103xe.o
UART5_IRQHandler                                  build/startup_stm32f103xe.o
USART1_IRQHandler                                 build/startup_stm32f103xe.o
USART2_IRQHandler                                 build/startup_stm32f103xe.o
USART3_IRQHandler                                 build/startup_stm32f103xe.o
USBWakeUp_IRQHandler                              build/startup_stm32f103xe.o
USB_HP_CAN1_TX_IRQHandler                         build/startup_stm32f103xe.o
USB_LP_CAN1_RX0_IRQHandler                        build/startup_stm32f103xe.o
UsageFault_Handler                                build/stm32f1xx_it.o
WWDG_IRQHandler                                   build/startup_stm32f103xe.o
Yaw                                               build/main.o
_Min_Stack_Size                                   build/sysmem.o
__adddf3                                          d:/rw/ozone/mingw64/bin/../lib/gcc/arm-none-eabi/12.2.0/thumb/v7-m/nofp\libgcc.a(_arm_addsubdf3.o)
__addsf3                                          d:/rw/ozone/mingw64/bin/../lib/gcc/arm-none-eabi/12.2.0/thumb/v7-m/nofp\libgcc.a(_arm_addsubsf3.o)
__aeabi_cfcmpeq                                   d:/rw/ozone/mingw64/bin/../lib/gcc/arm-none-eabi/12.2.0/thumb/v7-m/nofp\libgcc.a(_arm_cmpsf2.o)
__aeabi_cfcmple                                   d:/rw/ozone/mingw64/bin/../lib/gcc/arm-none-eabi/12.2.0/thumb/v7-m/nofp\libgcc.a(_arm_cmpsf2.o)
__aeabi_cfrcmple                                  d:/rw/ozone/mingw64/bin/../lib/gcc/arm-none-eabi/12.2.0/thumb/v7-m/nofp\libgcc.a(_arm_cmpsf2.o)
__aeabi_d2f                                       d:/rw/ozone/mingw64/bin/../lib/gcc/arm-none-eabi/12.2.0/thumb/v7-m/nofp\libgcc.a(_arm_truncdfsf2.o)
                                                  build/MPU6050.o
__aeabi_dadd                                      d:/rw/ozone/mingw64/bin/../lib/gcc/arm-none-eabi/12.2.0/thumb/v7-m/nofp\libgcc.a(_arm_addsubdf3.o)
__aeabi_ddiv                                      d:/rw/ozone/mingw64/bin/../lib/gcc/arm-none-eabi/12.2.0/thumb/v7-m/nofp\libgcc.a(_arm_muldivdf3.o)
                                                  build/MPU6050.o
__aeabi_dmul                                      d:/rw/ozone/mingw64/bin/../lib/gcc/arm-none-eabi/12.2.0/thumb/v7-m/nofp\libgcc.a(_arm_muldivdf3.o)
__aeabi_drsub                                     d:/rw/ozone/mingw64/bin/../lib/gcc/arm-none-eabi/12.2.0/thumb/v7-m/nofp\libgcc.a(_arm_addsubdf3.o)
__aeabi_dsub                                      d:/rw/ozone/mingw64/bin/../lib/gcc/arm-none-eabi/12.2.0/thumb/v7-m/nofp\libgcc.a(_arm_addsubdf3.o)
__aeabi_f2d                                       d:/rw/ozone/mingw64/bin/../lib/gcc/arm-none-eabi/12.2.0/thumb/v7-m/nofp\libgcc.a(_arm_addsubdf3.o)
                                                  build/MPU6050.o
__aeabi_fadd                                      d:/rw/ozone/mingw64/bin/../lib/gcc/arm-none-eabi/12.2.0/thumb/v7-m/nofp\libgcc.a(_arm_addsubsf3.o)
                                                  d:/rw/ozone/mingw64/bin/../lib/gcc/arm-none-eabi/12.2.0/../../../../arm-none-eabi/lib/thumb/v7-m/nofp\libm.a(libm_a-ef_sqrt.o)
                                                  d:/rw/ozone/mingw64/bin/../lib/gcc/arm-none-eabi/12.2.0/../../../../arm-none-eabi/lib/thumb/v7-m/nofp\libm.a(libm_a-sf_atan.o)
                                                  d:/rw/ozone/mingw64/bin/../lib/gcc/arm-none-eabi/12.2.0/../../../../arm-none-eabi/lib/thumb/v7-m/nofp\libm.a(libm_a-ef_atan2.o)
                                                  d:/rw/ozone/mingw64/bin/../lib/gcc/arm-none-eabi/12.2.0/../../../../arm-none-eabi/lib/thumb/v7-m/nofp\libm.a(libm_a-ef_asin.o)
                                                  build/MPU6050.o
__aeabi_fcmpeq                                    d:/rw/ozone/mingw64/bin/../lib/gcc/arm-none-eabi/12.2.0/thumb/v7-m/nofp\libgcc.a(_arm_cmpsf2.o)
                                                  build/MPU6050.o
__aeabi_fcmpge                                    d:/rw/ozone/mingw64/bin/../lib/gcc/arm-none-eabi/12.2.0/thumb/v7-m/nofp\libgcc.a(_arm_cmpsf2.o)
__aeabi_fcmpgt                                    d:/rw/ozone/mingw64/bin/../lib/gcc/arm-none-eabi/12.2.0/thumb/v7-m/nofp\libgcc.a(_arm_cmpsf2.o)
                                                  d:/rw/ozone/mingw64/bin/../lib/gcc/arm-none-eabi/12.2.0/../../../../arm-none-eabi/lib/thumb/v7-m/nofp\libm.a(libm_a-sf_atan.o)
                                                  d:/rw/ozone/mingw64/bin/../lib/gcc/arm-none-eabi/12.2.0/../../../../arm-none-eabi/lib/thumb/v7-m/nofp\libm.a(libm_a-ef_asin.o)
                                                  d:/rw/ozone/mingw64/bin/../lib/gcc/arm-none-eabi/12.2.0/../../../../arm-none-eabi/lib/thumb/v7-m/nofp\libm.a(libm_a-wf_asin.o)
                                                  build/MPU6050.o
__aeabi_fcmple                                    d:/rw/ozone/mingw64/bin/../lib/gcc/arm-none-eabi/12.2.0/thumb/v7-m/nofp\libgcc.a(_arm_cmpsf2.o)
                                                  d:/rw/ozone/mingw64/bin/../lib/gcc/arm-none-eabi/12.2.0/../../../../arm-none-eabi/lib/thumb/v7-m/nofp\libm.a(libm_a-ef_sqrt.o)
                                                  build/MPU6050.o
__aeabi_fcmplt                                    d:/rw/ozone/mingw64/bin/../lib/gcc/arm-none-eabi/12.2.0/thumb/v7-m/nofp\libgcc.a(_arm_cmpsf2.o)
                                                  d:/rw/ozone/mingw64/bin/../lib/gcc/arm-none-eabi/12.2.0/../../../../arm-none-eabi/lib/thumb/v7-m/nofp\libm.a(libm_a-ef_sqrt.o)
__aeabi_fcmpun                                    d:/rw/ozone/mingw64/bin/../lib/gcc/arm-none-eabi/12.2.0/thumb/v7-m/nofp\libgcc.a(_arm_unordsf2.o)
                                                  d:/rw/ozone/mingw64/bin/../lib/gcc/arm-none-eabi/12.2.0/../../../../arm-none-eabi/lib/thumb/v7-m/nofp\libm.a(libm_a-wf_asin.o)
__aeabi_fdiv                                      d:/rw/ozone/mingw64/bin/../lib/gcc/arm-none-eabi/12.2.0/thumb/v7-m/nofp\libgcc.a(_arm_muldivsf3.o)
                                                  d:/rw/ozone/mingw64/bin/../lib/gcc/arm-none-eabi/12.2.0/../../../../arm-none-eabi/lib/thumb/v7-m/nofp\libm.a(libm_a-ef_sqrt.o)
                                                  d:/rw/ozone/mingw64/bin/../lib/gcc/arm-none-eabi/12.2.0/../../../../arm-none-eabi/lib/thumb/v7-m/nofp\libm.a(libm_a-sf_atan.o)
                                                  d:/rw/ozone/mingw64/bin/../lib/gcc/arm-none-eabi/12.2.0/../../../../arm-none-eabi/lib/thumb/v7-m/nofp\libm.a(libm_a-ef_atan2.o)
                                                  d:/rw/ozone/mingw64/bin/../lib/gcc/arm-none-eabi/12.2.0/../../../../arm-none-eabi/lib/thumb/v7-m/nofp\libm.a(libm_a-ef_asin.o)
__aeabi_fmul                                      d:/rw/ozone/mingw64/bin/../lib/gcc/arm-none-eabi/12.2.0/thumb/v7-m/nofp\libgcc.a(_arm_muldivsf3.o)
                                                  d:/rw/ozone/mingw64/bin/../lib/gcc/arm-none-eabi/12.2.0/thumb/v7-m/nofp\libgcc.a(_arm_mulsf3.o)
                                                  d:/rw/ozone/mingw64/bin/../lib/gcc/arm-none-eabi/12.2.0/../../../../arm-none-eabi/lib/thumb/v7-m/nofp\libm.a(libm_a-ef_sqrt.o)
                                                  d:/rw/ozone/mingw64/bin/../lib/gcc/arm-none-eabi/12.2.0/../../../../arm-none-eabi/lib/thumb/v7-m/nofp\libm.a(libm_a-sf_atan.o)
                                                  d:/rw/ozone/mingw64/bin/../lib/gcc/arm-none-eabi/12.2.0/../../../../arm-none-eabi/lib/thumb/v7-m/nofp\libm.a(libm_a-ef_asin.o)
                                                  build/MPU6050.o
__aeabi_frsub                                     d:/rw/ozone/mingw64/bin/../lib/gcc/arm-none-eabi/12.2.0/thumb/v7-m/nofp\libgcc.a(_arm_addsubsf3.o)
__aeabi_fsub                                      d:/rw/ozone/mingw64/bin/../lib/gcc/arm-none-eabi/12.2.0/thumb/v7-m/nofp\libgcc.a(_arm_addsubsf3.o)
                                                  d:/rw/ozone/mingw64/bin/../lib/gcc/arm-none-eabi/12.2.0/../../../../arm-none-eabi/lib/thumb/v7-m/nofp\libm.a(libm_a-ef_sqrt.o)
                                                  d:/rw/ozone/mingw64/bin/../lib/gcc/arm-none-eabi/12.2.0/../../../../arm-none-eabi/lib/thumb/v7-m/nofp\libm.a(libm_a-sf_atan.o)
                                                  d:/rw/ozone/mingw64/bin/../lib/gcc/arm-none-eabi/12.2.0/../../../../arm-none-eabi/lib/thumb/v7-m/nofp\libm.a(libm_a-ef_atan2.o)
                                                  d:/rw/ozone/mingw64/bin/../lib/gcc/arm-none-eabi/12.2.0/../../../../arm-none-eabi/lib/thumb/v7-m/nofp\libm.a(libm_a-ef_asin.o)
                                                  build/MPU6050.o
__aeabi_i2d                                       d:/rw/ozone/mingw64/bin/../lib/gcc/arm-none-eabi/12.2.0/thumb/v7-m/nofp\libgcc.a(_arm_addsubdf3.o)
__aeabi_i2f                                       d:/rw/ozone/mingw64/bin/../lib/gcc/arm-none-eabi/12.2.0/thumb/v7-m/nofp\libgcc.a(_arm_addsubsf3.o)
                                                  build/main.o
__aeabi_l2d                                       d:/rw/ozone/mingw64/bin/../lib/gcc/arm-none-eabi/12.2.0/thumb/v7-m/nofp\libgcc.a(_arm_addsubdf3.o)
__aeabi_l2f                                       d:/rw/ozone/mingw64/bin/../lib/gcc/arm-none-eabi/12.2.0/thumb/v7-m/nofp\libgcc.a(_arm_addsubsf3.o)
__aeabi_ui2d                                      d:/rw/ozone/mingw64/bin/../lib/gcc/arm-none-eabi/12.2.0/thumb/v7-m/nofp\libgcc.a(_arm_addsubdf3.o)
__aeabi_ui2f                                      d:/rw/ozone/mingw64/bin/../lib/gcc/arm-none-eabi/12.2.0/thumb/v7-m/nofp\libgcc.a(_arm_addsubsf3.o)
__aeabi_ul2d                                      d:/rw/ozone/mingw64/bin/../lib/gcc/arm-none-eabi/12.2.0/thumb/v7-m/nofp\libgcc.a(_arm_addsubdf3.o)
__aeabi_ul2f                                      d:/rw/ozone/mingw64/bin/../lib/gcc/arm-none-eabi/12.2.0/thumb/v7-m/nofp\libgcc.a(_arm_addsubsf3.o)
__atexit                                          d:/rw/ozone/mingw64/bin/../lib/gcc/arm-none-eabi/12.2.0/../../../../arm-none-eabi/lib/thumb/v7-m/nofp\libc_nano.a(libc_a-__call_atexit.o)
                                                  d:/rw/ozone/mingw64/bin/../lib/gcc/arm-none-eabi/12.2.0/../../../../arm-none-eabi/lib/thumb/v7-m/nofp\libc_nano.a(libc_a-__atexit.o)
__atexit0                                         d:/rw/ozone/mingw64/bin/../lib/gcc/arm-none-eabi/12.2.0/../../../../arm-none-eabi/lib/thumb/v7-m/nofp\libc_nano.a(libc_a-__atexit.o)
__atexit_dummy                                    d:/rw/ozone/mingw64/bin/../lib/gcc/arm-none-eabi/12.2.0/../../../../arm-none-eabi/lib/thumb/v7-m/nofp\libc_nano.a(libc_a-__atexit.o)
__atexit_recursive_mutex                          d:/rw/ozone/mingw64/bin/../lib/gcc/arm-none-eabi/12.2.0/../../../../arm-none-eabi/lib/thumb/v7-m/nofp\libc_nano.a(libc_a-__call_atexit.o)
                                                  d:/rw/ozone/mingw64/bin/../lib/gcc/arm-none-eabi/12.2.0/../../../../arm-none-eabi/lib/thumb/v7-m/nofp\libc_nano.a(libc_a-__atexit.o)
__bss_end__                                       d:/rw/ozone/mingw64/bin/../lib/gcc/arm-none-eabi/12.2.0/../../../../arm-none-eabi/lib/thumb/v7-m/nofp/crt0.o
__bss_start__                                     d:/rw/ozone/mingw64/bin/../lib/gcc/arm-none-eabi/12.2.0/../../../../arm-none-eabi/lib/thumb/v7-m/nofp/crt0.o
__call_exitprocs                                  d:/rw/ozone/mingw64/bin/../lib/gcc/arm-none-eabi/12.2.0/../../../../arm-none-eabi/lib/thumb/v7-m/nofp\libc_nano.a(libc_a-__call_atexit.o)
                                                  d:/rw/ozone/mingw64/bin/../lib/gcc/arm-none-eabi/12.2.0/../../../../arm-none-eabi/lib/thumb/v7-m/nofp\libc_nano.a(libc_a-__atexit.o)
                                                  d:/rw/ozone/mingw64/bin/../lib/gcc/arm-none-eabi/12.2.0/../../../../arm-none-eabi/lib/thumb/v7-m/nofp\libc_nano.a(libc_a-exit.o)
__cmpsf2                                          d:/rw/ozone/mingw64/bin/../lib/gcc/arm-none-eabi/12.2.0/thumb/v7-m/nofp\libgcc.a(_arm_cmpsf2.o)
__deregister_frame_info                           d:/rw/ozone/mingw64/bin/../lib/gcc/arm-none-eabi/12.2.0/thumb/v7-m/nofp/crtbegin.o
__divdf3                                          d:/rw/ozone/mingw64/bin/../lib/gcc/arm-none-eabi/12.2.0/thumb/v7-m/nofp\libgcc.a(_arm_muldivdf3.o)
__divsf3                                          d:/rw/ozone/mingw64/bin/../lib/gcc/arm-none-eabi/12.2.0/thumb/v7-m/nofp\libgcc.a(_arm_muldivsf3.o)